Copyright 1986-2022 Xilinx, Inc. All Rights Reserved. Copyright 2022-2026 Advanced Micro Devices, Inc. All Rights Reserved.
---------------------------------------------------------------------------------------------------------------------------------------------
| Tool Version : Vivado v.2026.1 (lin64) Build 6511674 Tue Jun 16 11:01:26 MDT 2026
| Date         : Thu Aug  6 11:28:52 2026
| Host         : ip-10-70-171-248.il-central-1.compute.internal running 64-bit Rocky Linux release 8.10 (Green Obsidian)
| Command      : report_timing_summary -file /project/tsmc65/users/rasksha/ws/taoFPGA/reports/impl/timing_summary.rpt
| Design       : design_1_wrapper
| Device       : 7z020-clg400
| Speed File   : -1  PRODUCTION 1.12 2019-11-22
| Design State : Routed
---------------------------------------------------------------------------------------------------------------------------------------------

Timing Summary Report

------------------------------------------------------------------------------------------------
| Timer Settings
| --------------
------------------------------------------------------------------------------------------------

  Enable Multi Corner Analysis               :  Yes
  Enable Pessimism Removal                   :  Yes
  Pessimism Removal Resolution               :  Nearest Common Node
  Enable Input Delay Default Clock           :  No
  Enable Preset / Clear Arcs                 :  No
  Disable Flight Delays                      :  No
  Ignore I/O Paths                           :  No
  Timing Early Launch at Borrowing Latches   :  No
  Borrow Time for Max Delay Exceptions       :  Yes
  Merge Timing Exceptions                    :  Yes
  Inter-SLR Compensation                     :  Conservative

  Corner  Analyze    Analyze    
  Name    Max Paths  Min Paths  
  ------  ---------  ---------  
  Slow    Yes        Yes        
  Fast    Yes        Yes        


------------------------------------------------------------------------------------------------
| Report Methodology
| ------------------
------------------------------------------------------------------------------------------------

No report available as report_methodology has not been run prior. Run report_methodology on the current design for the summary of methodology violations.



check_timing report

Table of Contents
-----------------
1. checking no_clock (0)
2. checking constant_clock (0)
3. checking pulse_width_clock (0)
4. checking unconstrained_internal_endpoints (0)
5. checking no_input_delay (0)
6. checking no_output_delay (0)
7. checking multiple_clock (0)
8. checking generated_clocks (0)
9. checking loops (0)
10. checking partial_input_delay (0)
11. checking partial_output_delay (0)
12. checking latch_loops (0)

1. checking no_clock (0)
------------------------
 There are 0 register/latch pins with no clock.


2. checking constant_clock (0)
------------------------------
 There are 0 register/latch pins with constant_clock.


3. checking pulse_width_clock (0)
---------------------------------
 There are 0 register/latch pins which need pulse_width check


4. checking unconstrained_internal_endpoints (0)
------------------------------------------------
 There are 0 pins that are not constrained for maximum delay.

 There are 0 pins that are not constrained for maximum delay due to constant clock.


5. checking no_input_delay (0)
------------------------------
 There are 0 input ports with no input delay specified.

 There are 0 input ports with no input delay but user has a false path constraint.


6. checking no_output_delay (0)
-------------------------------
 There are 0 ports with no output delay specified.

 There are 0 ports with no output delay but user has a false path constraint

 There are 0 ports with no output delay but with a timing clock defined on it or propagating through it


7. checking multiple_clock (0)
------------------------------
 There are 0 register/latch pins with multiple clocks.


8. checking generated_clocks (0)
--------------------------------
 There are 0 generated clocks that are not connected to a clock source.


9. checking loops (0)
---------------------
 There are 0 combinational loops in the design.


10. checking partial_input_delay (0)
------------------------------------
 There are 0 input ports with partial input delay specified.


11. checking partial_output_delay (0)
-------------------------------------
 There are 0 ports with partial output delay specified.


12. checking latch_loops (0)
----------------------------
 There are 0 combinational latch loops in the design through latch input



------------------------------------------------------------------------------------------------
| Design Timing Summary
| ---------------------
------------------------------------------------------------------------------------------------

    WNS(ns)      TNS(ns)  TNS Failing Endpoints  TNS Total Endpoints      WHS(ns)      THS(ns)  THS Failing Endpoints  THS Total Endpoints     WPWS(ns)     TPWS(ns)  TPWS Failing Endpoints  TPWS Total Endpoints  
    -------      -------  ---------------------  -------------------      -------      -------  ---------------------  -------------------     --------     --------  ----------------------  --------------------  
      0.293        0.000                      0                63201        0.020        0.000                      0                63201        3.750        0.000                       0                 16747  


All user specified timing constraints are met.


------------------------------------------------------------------------------------------------
| Clock Summary
| -------------
------------------------------------------------------------------------------------------------

Clock       Waveform(ns)       Period(ns)      Frequency(MHz)
-----       ------------       ----------      --------------
clk_fpga_0  {0.000 5.000}      10.000          100.000         


------------------------------------------------------------------------------------------------
| Intra Clock Table
| -----------------
------------------------------------------------------------------------------------------------

Clock             WNS(ns)      TNS(ns)  TNS Failing Endpoints  TNS Total Endpoints      WHS(ns)      THS(ns)  THS Failing Endpoints  THS Total Endpoints     WPWS(ns)     TPWS(ns)  TPWS Failing Endpoints  TPWS Total Endpoints  
-----             -------      -------  ---------------------  -------------------      -------      -------  ---------------------  -------------------     --------     --------  ----------------------  --------------------  
clk_fpga_0          0.293        0.000                      0                63201        0.020        0.000                      0                63201        3.750        0.000                       0                 16747  


------------------------------------------------------------------------------------------------
| Inter Clock Table
| -----------------
------------------------------------------------------------------------------------------------

From Clock    To Clock          WNS(ns)      TNS(ns)  TNS Failing Endpoints  TNS Total Endpoints      WHS(ns)      THS(ns)  THS Failing Endpoints  THS Total Endpoints  
----------    --------          -------      -------  ---------------------  -------------------      -------      -------  ---------------------  -------------------  


------------------------------------------------------------------------------------------------
| Other Path Groups Table
| -----------------------
------------------------------------------------------------------------------------------------

Path Group    From Clock    To Clock          WNS(ns)      TNS(ns)  TNS Failing Endpoints  TNS Total Endpoints      WHS(ns)      THS(ns)  THS Failing Endpoints  THS Total Endpoints  
----------    ----------    --------          -------      -------  ---------------------  -------------------      -------      -------  ---------------------  -------------------  


------------------------------------------------------------------------------------------------
| Timing Details
| --------------
------------------------------------------------------------------------------------------------


---------------------------------------------------------------------------------------------------
From Clock:  clk_fpga_0
  To Clock:  clk_fpga_0

Setup :            0  Failing Endpoints,  Worst Slack        0.293ns,  Total Violation        0.000ns
Hold  :            0  Failing Endpoints,  Worst Slack        0.020ns,  Total Violation        0.000ns
PW    :            0  Failing Endpoints,  Worst Slack        3.750ns,  Total Violation        0.000ns
---------------------------------------------------------------------------------------------------


Max Delay Paths
--------------------------------------------------------------------------------------
Slack (MET) :             0.293ns  (required time - arrival time)
  Source:                 design_1_i/transformer_block_axi_top_0/inst/U_transformer_block_axi/u_transformer_block_top/u_MM_ultra/F_length_reg[8]_replica/C
                            (rising edge-triggered cell FDRE clocked by clk_fpga_0  {rise@0.000ns fall@5.000ns period=10.000ns})
  Destination:            design_1_i/transformer_block_axi_top_0/inst/U_transformer_block_axi/u_transformer_block_top/u_MM_ultra/u_MM_out_buffer/F_array_reg_26/ADDRBWRADDR[4]
                            (rising edge-triggered cell RAMB36E1 clocked by clk_fpga_0  {rise@0.000ns fall@5.000ns period=10.000ns})
  Path Group:             clk_fpga_0
  Path Type:              Setup (Max at Slow Process Corner)
  Requirement:            10.000ns  (clk_fpga_0 rise@10.000ns - clk_fpga_0 rise@0.000ns)
  Data Path Delay:        8.534ns  (logic 4.417ns (51.756%)  route 4.117ns (48.244%))
  Logic Levels:           2  (DSP48E1=1 LUT4=1)
  Clock Path Skew:        -0.249ns (DCD - SCD + CPR)
    Destination Clock Delay (DCD):    2.712ns = ( 12.712 - 10.000 ) 
    Source Clock Delay      (SCD):    3.090ns
    Clock Pessimism Removal (CPR):    0.129ns
  Clock Uncertainty:      0.154ns  ((TSJ^2 + TIJ^2)^1/2 + DJ) / 2 + PE
    Total System Jitter     (TSJ):    0.071ns
    Total Input Jitter      (TIJ):    0.300ns
    Discrete Jitter          (DJ):    0.000ns
    Phase Error              (PE):    0.000ns

    Location             Delay type                Incr(ns)  Path(ns)    Netlist Resource(s)
  -------------------------------------------------------------------    -------------------
                         (clock clk_fpga_0 rise edge)
                                                      0.000     0.000 r  <hidden>
    PS7_X0Y0             PS7                          0.000     0.000 r  design_1_i/processing_system7_0/inst/PS7_i/FCLKCLK[0]
                         net (fo=1, routed)           1.193     1.193    design_1_i/processing_system7_0/inst/FCLK_CLK_unbuffered[0]
    BUFGCTRL_X0Y16       BUFG (Prop_bufg_I_O)         0.101     1.294 r  design_1_i/processing_system7_0/inst/buffer_fclk_clk_0.FCLK_CLK_0_BUFG/O
                         net (fo=16755, routed)       1.796     3.090    design_1_i/transformer_block_axi_top_0/inst/U_transformer_block_axi/u_transformer_block_top/u_MM_ultra/aclk
    SLICE_X93Y37         FDRE                                         r  design_1_i/transformer_block_axi_top_0/inst/U_transformer_block_axi/u_transformer_block_top/u_MM_ultra/F_length_reg[8]_replica/C
  -------------------------------------------------------------------    -------------------
    SLICE_X93Y37         FDRE (Prop_fdre_C_Q)         0.456     3.546 r  design_1_i/transformer_block_axi_top_0/inst/U_transformer_block_axi/u_transformer_block_top/u_MM_ultra/F_length_reg[8]_replica/Q
                         net (fo=2, routed)           0.526     4.072    design_1_i/transformer_block_axi_top_0/inst/U_transformer_block_axi/u_transformer_block_top/u_MM_ultra/u_MM_out_buffer/F_length[8]_repN_alias
    DSP48_X3Y15          DSP48E1 (Prop_dsp48e1_A[8]_P[1])
                                                      3.841     7.913 r  design_1_i/transformer_block_axi_top_0/inst/U_transformer_block_axi/u_transformer_block_top/u_MM_ultra/u_MM_out_buffer/out_data_addr/P[1]
                         net (fo=3, routed)           1.636     9.548    design_1_i/transformer_block_axi_top_0/inst/U_transformer_block_axi/u_transformer_block_top/u_MM_ultra/u_MM_out_buffer/out_data_addr_n_104
    SLICE_X81Y53         LUT4 (Prop_lut4_I0_O)        0.120     9.668 r  design_1_i/transformer_block_axi_top_0/inst/U_transformer_block_axi/u_transformer_block_top/u_MM_ultra/u_MM_out_buffer/F_array_reg_0_i_25/O
                         net (fo=28, routed)          1.956    11.624    design_1_i/transformer_block_axi_top_0/inst/U_transformer_block_axi/u_transformer_block_top/u_MM_ultra/u_MM_out_buffer/out_F_array_addr[1]
    RAMB36_X2Y7          RAMB36E1                                     r  design_1_i/transformer_block_axi_top_0/inst/U_transformer_block_axi/u_transformer_block_top/u_MM_ultra/u_MM_out_buffer/F_array_reg_26/ADDRBWRADDR[4]
  -------------------------------------------------------------------    -------------------

                         (clock clk_fpga_0 rise edge)
                                                     10.000    10.000 r  <hidden>
    PS7_X0Y0             PS7                          0.000    10.000 r  design_1_i/processing_system7_0/inst/PS7_i/FCLKCLK[0]
                         net (fo=1, routed)           1.088    11.088    design_1_i/processing_system7_0/inst/FCLK_CLK_unbuffered[0]
    BUFGCTRL_X0Y16       BUFG (Prop_bufg_I_O)         0.091    11.179 r  design_1_i/processing_system7_0/inst/buffer_fclk_clk_0.FCLK_CLK_0_BUFG/O
                         net (fo=16755, routed)       1.533    12.712    design_1_i/transformer_block_axi_top_0/inst/U_transformer_block_axi/u_transformer_block_top/u_MM_ultra/u_MM_out_buffer/aclk
    RAMB36_X2Y7          RAMB36E1                                     r  design_1_i/transformer_block_axi_top_0/inst/U_transformer_block_axi/u_transformer_block_top/u_MM_ultra/u_MM_out_buffer/F_array_reg_26/CLKBWRCLK
                         clock pessimism              0.129    12.841    <hidden>
                         clock uncertainty           -0.154    12.687    <hidden>
    RAMB36_X2Y7          RAMB36E1 (Setup_ramb36e1_CLKBWRCLK_ADDRBWRADDR[4])
                                                     -0.769    11.918    design_1_i/transformer_block_axi_top_0/inst/U_transformer_block_axi/u_transformer_block_top/u_MM_ultra/u_MM_out_buffer/F_array_reg_26
  -------------------------------------------------------------------
                         required time                         11.918    <hidden>
                         arrival time                         -11.624    <hidden>
  -------------------------------------------------------------------
                         slack                                  0.293    <hidden>





Min Delay Paths
--------------------------------------------------------------------------------------
Slack (MET) :             0.020ns  (arrival time - required time)
  Source:                 design_1_i/transformer_block_axi_top_0/inst/U_transformer_block_axi/u_transformer_block_top/u_MM_ultra/u_MM_buffer/u_MM/u_PE_array/buf_out[13].out_buf_reg[0][4]/C
                            (rising edge-triggered cell FDRE clocked by clk_fpga_0  {rise@0.000ns fall@5.000ns period=10.000ns})
  Destination:            design_1_i/transformer_block_axi_top_0/inst/U_transformer_block_axi/u_transformer_block_top/u_MM_ultra/u_MM_buffer/u_MM/u_PE_array/buf_out[13].out_buf_for[1].out_buf_reg[1][4]/D
                            (rising edge-triggered cell FDRE clocked by clk_fpga_0  {rise@0.000ns fall@5.000ns period=10.000ns})
  Path Group:             clk_fpga_0
  Path Type:              Hold (Min at Fast Process Corner)
  Requirement:            0.000ns  (clk_fpga_0 rise@0.000ns - clk_fpga_0 rise@0.000ns)
  Data Path Delay:        0.349ns  (logic 0.141ns (40.412%)  route 0.208ns (59.588%))
  Logic Levels:           0  
  Clock Path Skew:        0.259ns (DCD - SCD - CPR)
    Destination Clock Delay (DCD):    1.185ns
    Source Clock Delay      (SCD):    0.891ns
    Clock Pessimism Removal (CPR):    0.035ns

    Location             Delay type                Incr(ns)  Path(ns)    Netlist Resource(s)
  -------------------------------------------------------------------    -------------------
                         (clock clk_fpga_0 rise edge)
                                                      0.000     0.000 r  <hidden>
    PS7_X0Y0             PS7                          0.000     0.000 r  design_1_i/processing_system7_0/inst/PS7_i/FCLKCLK[0]
                         net (fo=1, routed)           0.310     0.310    design_1_i/processing_system7_0/inst/FCLK_CLK_unbuffered[0]
    BUFGCTRL_X0Y16       BUFG (Prop_bufg_I_O)         0.026     0.336 r  design_1_i/processing_system7_0/inst/buffer_fclk_clk_0.FCLK_CLK_0_BUFG/O
                         net (fo=16755, routed)       0.555     0.891    design_1_i/transformer_block_axi_top_0/inst/U_transformer_block_axi/u_transformer_block_top/u_MM_ultra/u_MM_buffer/u_MM/u_PE_array/aclk
    SLICE_X49Y56         FDRE                                         r  design_1_i/transformer_block_axi_top_0/inst/U_transformer_block_axi/u_transformer_block_top/u_MM_ultra/u_MM_buffer/u_MM/u_PE_array/buf_out[13].out_buf_reg[0][4]/C
  -------------------------------------------------------------------    -------------------
    SLICE_X49Y56         FDRE (Prop_fdre_C_Q)         0.141     1.032 r  design_1_i/transformer_block_axi_top_0/inst/U_transformer_block_axi/u_transformer_block_top/u_MM_ultra/u_MM_buffer/u_MM/u_PE_array/buf_out[13].out_buf_reg[0][4]/Q
                         net (fo=1, routed)           0.208     1.240    design_1_i/transformer_block_axi_top_0/inst/U_transformer_block_axi/u_transformer_block_top/u_MM_ultra/u_MM_buffer/u_MM/u_PE_array/buf_out[13].out_buf_reg[0]_35[4]
    SLICE_X51Y58         FDRE                                         r  design_1_i/transformer_block_axi_top_0/inst/U_transformer_block_axi/u_transformer_block_top/u_MM_ultra/u_MM_buffer/u_MM/u_PE_array/buf_out[13].out_buf_for[1].out_buf_reg[1][4]/D
  -------------------------------------------------------------------    -------------------

                         (clock clk_fpga_0 rise edge)
                                                      0.000     0.000 r  <hidden>
    PS7_X0Y0             PS7                          0.000     0.000 r  design_1_i/processing_system7_0/inst/PS7_i/FCLKCLK[0]
                         net (fo=1, routed)           0.337     0.337    design_1_i/processing_system7_0/inst/FCLK_CLK_unbuffered[0]
    BUFGCTRL_X0Y16       BUFG (Prop_bufg_I_O)         0.029     0.366 r  design_1_i/processing_system7_0/inst/buffer_fclk_clk_0.FCLK_CLK_0_BUFG/O
                         net (fo=16755, routed)       0.819     1.185    design_1_i/transformer_block_axi_top_0/inst/U_transformer_block_axi/u_transformer_block_top/u_MM_ultra/u_MM_buffer/u_MM/u_PE_array/aclk
    SLICE_X51Y58         FDRE                                         r  design_1_i/transformer_block_axi_top_0/inst/U_transformer_block_axi/u_transformer_block_top/u_MM_ultra/u_MM_buffer/u_MM/u_PE_array/buf_out[13].out_buf_for[1].out_buf_reg[1][4]/C
                         clock pessimism             -0.035     1.150    <hidden>
    SLICE_X51Y58         FDRE (Hold_fdre_C_D)         0.070     1.220    design_1_i/transformer_block_axi_top_0/inst/U_transformer_block_axi/u_transformer_block_top/u_MM_ultra/u_MM_buffer/u_MM/u_PE_array/buf_out[13].out_buf_for[1].out_buf_reg[1][4]
  -------------------------------------------------------------------
                         required time                         -1.220    <hidden>
                         arrival time                           1.240    <hidden>
  -------------------------------------------------------------------
                         slack                                  0.020    <hidden>





Pulse Width Checks
--------------------------------------------------------------------------------------
Clock Name:         clk_fpga_0
Waveform(ns):       { 0.000 5.000 }
Period(ns):         10.000
Sources:            { design_1_i/processing_system7_0/inst/PS7_i/FCLKCLK[0] }

Check Type        Corner  Lib Pin      Reference Pin  Required(ns)  Actual(ns)  Slack(ns)  Location      Pin
Min Period        n/a     DSP48E1/CLK  n/a            3.884         10.000      6.116      DSP48_X0Y0    design_1_i/transformer_block_axi_top_0/inst/U_transformer_block_axi/u_transformer_block_top/u_EightGelus/genblk4[0].u_gelu/u_lin/l_4Q21_reg1_reg/CLK
Low Pulse Width   Slow    RAMD32/CLK   n/a            1.250         5.000       3.750      SLICE_X54Y85  design_1_i/axi_dma_2/U0/I_PRMRY_DATAMOVER/GEN_S2MM_FULL.I_S2MM_FULL_WRAPPER/GEN_ENABLE_INDET_BTT_SF.I_INDET_BTT/I_XD_FIFO/NON_BLK_MEM.I_SYNC_FIFOGEN_FIFO/xpm_fifo_base_inst/gen_sdpram.xpm_memory_base_inst/gen_wr_a.gen_word_narrow.mem_reg_0_15_0_5/RAMA/CLK
High Pulse Width  Slow    RAMD32/CLK   n/a            1.250         5.000       3.750      SLICE_X54Y85  design_1_i/axi_dma_2/U0/I_PRMRY_DATAMOVER/GEN_S2MM_FULL.I_S2MM_FULL_WRAPPER/GEN_ENABLE_INDET_BTT_SF.I_INDET_BTT/I_XD_FIFO/NON_BLK_MEM.I_SYNC_FIFOGEN_FIFO/xpm_fifo_base_inst/gen_sdpram.xpm_memory_base_inst/gen_wr_a.gen_word_narrow.mem_reg_0_15_0_5/RAMA/CLK



