Copyright 1986-2022 Xilinx, Inc. All Rights Reserved. Copyright 2022-2026 Advanced Micro Devices, Inc. All Rights Reserved.
---------------------------------------------------------------------------------------------------------------------------------------------
| Tool Version : Vivado v.2026.1 (lin64) Build 6511674 Tue Jun 16 11:01:26 MDT 2026
| Date         : Thu Aug  6 11:03:27 2026
| Host         : ip-10-70-171-248.il-central-1.compute.internal running 64-bit Rocky Linux release 8.10 (Green Obsidian)
| Command      : report_timing_summary -file /project/tsmc65/users/rasksha/ws/taoFPGA/reports/syn/timing_summary.rpt
| Design       : transformer_block_top
| Device       : 7z020-clg400
| Speed File   : -1  PRODUCTION 1.12 2019-11-22
| Design State : Synthesized
---------------------------------------------------------------------------------------------------------------------------------------------

Timing Summary Report

------------------------------------------------------------------------------------------------
| Timer Settings
| --------------
------------------------------------------------------------------------------------------------

  Enable Multi Corner Analysis               :  Yes
  Enable Pessimism Removal                   :  Yes
  Pessimism Removal Resolution               :  Nearest Common Node
  Enable Input Delay Default Clock           :  No
  Enable Preset / Clear Arcs                 :  No
  Disable Flight Delays                      :  No
  Ignore I/O Paths                           :  No
  Timing Early Launch at Borrowing Latches   :  No
  Borrow Time for Max Delay Exceptions       :  Yes
  Merge Timing Exceptions                    :  Yes
  Inter-SLR Compensation                     :  Conservative

  Corner  Analyze    Analyze    
  Name    Max Paths  Min Paths  
  ------  ---------  ---------  
  Slow    Yes        Yes        
  Fast    Yes        Yes        


------------------------------------------------------------------------------------------------
| Report Methodology
| ------------------
------------------------------------------------------------------------------------------------

No report available as report_methodology has not been run prior. Run report_methodology on the current design for the summary of methodology violations.



check_timing report

Table of Contents
-----------------
1. checking no_clock (0)
2. checking constant_clock (0)
3. checking pulse_width_clock (0)
4. checking unconstrained_internal_endpoints (0)
5. checking no_input_delay (305)
6. checking no_output_delay (41)
7. checking multiple_clock (0)
8. checking generated_clocks (0)
9. checking loops (0)
10. checking partial_input_delay (0)
11. checking partial_output_delay (0)
12. checking latch_loops (0)

1. checking no_clock (0)
------------------------
 There are 0 register/latch pins with no clock.


2. checking constant_clock (0)
------------------------------
 There are 0 register/latch pins with constant_clock.


3. checking pulse_width_clock (0)
---------------------------------
 There are 0 register/latch pins which need pulse_width check


4. checking unconstrained_internal_endpoints (0)
------------------------------------------------
 There are 0 pins that are not constrained for maximum delay.

 There are 0 pins that are not constrained for maximum delay due to constant clock.


5. checking no_input_delay (305)
--------------------------------
 There are 305 input ports with no input delay specified. (HIGH)

 There are 0 input ports with no input delay but user has a false path constraint.


6. checking no_output_delay (41)
--------------------------------
 There are 41 ports with no output delay specified. (HIGH)

 There are 0 ports with no output delay but user has a false path constraint

 There are 0 ports with no output delay but with a timing clock defined on it or propagating through it


7. checking multiple_clock (0)
------------------------------
 There are 0 register/latch pins with multiple clocks.


8. checking generated_clocks (0)
--------------------------------
 There are 0 generated clocks that are not connected to a clock source.


9. checking loops (0)
---------------------
 There are 0 combinational loops in the design.


10. checking partial_input_delay (0)
------------------------------------
 There are 0 input ports with partial input delay specified.


11. checking partial_output_delay (0)
-------------------------------------
 There are 0 ports with partial output delay specified.


12. checking latch_loops (0)
----------------------------
 There are 0 combinational latch loops in the design through latch input



------------------------------------------------------------------------------------------------
| Design Timing Summary
| ---------------------
------------------------------------------------------------------------------------------------

    WNS(ns)      TNS(ns)  TNS Failing Endpoints  TNS Total Endpoints      WHS(ns)      THS(ns)  THS Failing Endpoints  THS Total Endpoints     WPWS(ns)     TPWS(ns)  TPWS Failing Endpoints  TPWS Total Endpoints  
    -------      -------  ---------------------  -------------------      -------      -------  ---------------------  -------------------     --------     --------  ----------------------  --------------------  
      0.682        0.000                      0                33980        0.208        0.000                      0                33980        3.750        0.000                       0                  9113  


All user specified timing constraints are met.


------------------------------------------------------------------------------------------------
| Clock Summary
| -------------
------------------------------------------------------------------------------------------------

Clock  Waveform(ns)       Period(ns)      Frequency(MHz)
-----  ------------       ----------      --------------
clk    {0.000 5.000}      10.000          100.000         


------------------------------------------------------------------------------------------------
| Intra Clock Table
| -----------------
------------------------------------------------------------------------------------------------

Clock             WNS(ns)      TNS(ns)  TNS Failing Endpoints  TNS Total Endpoints      WHS(ns)      THS(ns)  THS Failing Endpoints  THS Total Endpoints     WPWS(ns)     TPWS(ns)  TPWS Failing Endpoints  TPWS Total Endpoints  
-----             -------      -------  ---------------------  -------------------      -------      -------  ---------------------  -------------------     --------     --------  ----------------------  --------------------  
clk                 0.682        0.000                      0                33980        0.208        0.000                      0                33980        3.750        0.000                       0                  9113  


------------------------------------------------------------------------------------------------
| Inter Clock Table
| -----------------
------------------------------------------------------------------------------------------------

From Clock    To Clock          WNS(ns)      TNS(ns)  TNS Failing Endpoints  TNS Total Endpoints      WHS(ns)      THS(ns)  THS Failing Endpoints  THS Total Endpoints  
----------    --------          -------      -------  ---------------------  -------------------      -------      -------  ---------------------  -------------------  


------------------------------------------------------------------------------------------------
| Other Path Groups Table
| -----------------------
------------------------------------------------------------------------------------------------

Path Group    From Clock    To Clock          WNS(ns)      TNS(ns)  TNS Failing Endpoints  TNS Total Endpoints      WHS(ns)      THS(ns)  THS Failing Endpoints  THS Total Endpoints  
----------    ----------    --------          -------      -------  ---------------------  -------------------      -------      -------  ---------------------  -------------------  


------------------------------------------------------------------------------------------------
| Timing Details
| --------------
------------------------------------------------------------------------------------------------


---------------------------------------------------------------------------------------------------
From Clock:  clk
  To Clock:  clk

Setup :            0  Failing Endpoints,  Worst Slack        0.682ns,  Total Violation        0.000ns
Hold  :            0  Failing Endpoints,  Worst Slack        0.208ns,  Total Violation        0.000ns
PW    :            0  Failing Endpoints,  Worst Slack        3.750ns,  Total Violation        0.000ns
---------------------------------------------------------------------------------------------------


Max Delay Paths
--------------------------------------------------------------------------------------
Slack (MET) :             0.682ns  (required time - arrival time)
  Source:                 u_Softmax_control/u_Softmax/x_max_S9Q10_delay6_reg[1]__0/C
                            (rising edge-triggered cell FDRE clocked by clk  {rise@0.000ns fall@5.000ns period=10.000ns})
  Destination:            u_Softmax_control/u_Softmax/u_Exp_module_2/x_log2e_S10Q14_reg1_reg/A[0]
                            (rising edge-triggered cell DSP48E1 clocked by clk  {rise@0.000ns fall@5.000ns period=10.000ns})
  Path Group:             clk
  Path Type:              Setup (Max at Slow Process Corner)
  Requirement:            10.000ns  (clk rise@10.000ns - clk rise@0.000ns)
  Data Path Delay:        5.512ns  (logic 3.125ns (56.697%)  route 2.387ns (43.303%))
  Logic Levels:           9  (CARRY4=7 LUT2=1 LUT3=1)
  Clock Path Skew:        -0.049ns (DCD - SCD + CPR)
    Destination Clock Delay (DCD):    0.924ns = ( 10.924 - 10.000 ) 
    Source Clock Delay      (SCD):    0.973ns
    Clock Pessimism Removal (CPR):    0.000ns
  Clock Uncertainty:      0.035ns  ((TSJ^2 + TIJ^2)^1/2 + DJ) / 2 + PE
    Total System Jitter     (TSJ):    0.071ns
    Total Input Jitter      (TIJ):    0.000ns
    Discrete Jitter          (DJ):    0.000ns
    Phase Error              (PE):    0.000ns

    Location             Delay type                Incr(ns)  Path(ns)    Netlist Resource(s)
  -------------------------------------------------------------------    -------------------
                         (clock clk rise edge)        0.000     0.000 r  <hidden>
                                                      0.000     0.000 r  clk
                         net (fo=9117, unset)         0.973     0.973    u_Softmax_control/u_Softmax/clk
                         FDRE                                         r  u_Softmax_control/u_Softmax/x_max_S9Q10_delay6_reg[1]__0/C
  -------------------------------------------------------------------    -------------------
                         FDRE (Prop_fdre_C_Q)         0.478     1.451 r  u_Softmax_control/u_Softmax/x_max_S9Q10_delay6_reg[1]__0/Q
                         net (fo=2, unplaced)         0.481     1.932    u_Softmax_control/u_Softmax/u_Ln_module/x_max_S9Q10_delay6[1]
                         LUT2 (Prop_lut2_I0_O)        0.295     2.227 r  u_Softmax_control/u_Softmax/u_Ln_module/x_max_ln_S10Q10_carry_i_3/O
                         net (fo=1, unplaced)         0.000     2.227    u_Softmax_control/u_Softmax/u_Ln_module_n_2
                         CARRY4 (Prop_carry4_S[1]_CO[3])
                                                      0.533     2.760 r  u_Softmax_control/u_Softmax/x_max_ln_S10Q10_carry/CO[3]
                         net (fo=1, unplaced)         0.009     2.769    u_Softmax_control/u_Softmax/x_max_ln_S10Q10_carry_n_0
                         CARRY4 (Prop_carry4_CI_CO[3])
                                                      0.117     2.886 r  u_Softmax_control/u_Softmax/x_max_ln_S10Q10_carry__0/CO[3]
                         net (fo=1, unplaced)         0.000     2.886    u_Softmax_control/u_Softmax/x_max_ln_S10Q10_carry__0_n_0
                         CARRY4 (Prop_carry4_CI_CO[3])
                                                      0.117     3.003 r  u_Softmax_control/u_Softmax/x_max_ln_S10Q10_carry__1/CO[3]
                         net (fo=1, unplaced)         0.000     3.003    u_Softmax_control/u_Softmax/x_max_ln_S10Q10_carry__1_n_0
                         CARRY4 (Prop_carry4_CI_CO[3])
                                                      0.117     3.120 r  u_Softmax_control/u_Softmax/x_max_ln_S10Q10_carry__2/CO[3]
                         net (fo=1, unplaced)         0.000     3.120    u_Softmax_control/u_Softmax/x_max_ln_S10Q10_carry__2_n_0
                         CARRY4 (Prop_carry4_CI_CO[3])
                                                      0.117     3.237 r  u_Softmax_control/u_Softmax/x_max_ln_S10Q10_carry__3/CO[3]
                         net (fo=1, unplaced)         0.000     3.237    u_Softmax_control/u_Softmax/x_max_ln_S10Q10_carry__3_n_0
                         CARRY4 (Prop_carry4_CI_O[0])
                                                      0.232     3.469 r  u_Softmax_control/u_Softmax/x_max_ln_S10Q10_carry__4/O[0]
                         net (fo=21, unplaced)        0.725     4.194    u_Softmax_control/u_Softmax/x_max_ln_S10Q10[20]
                         CARRY4 (Prop_carry4_S[1]_CO[1])
                                                      0.787     4.981 f  u_Softmax_control/u_Softmax/x_max_ln_S9Q102_carry/CO[1]
                         net (fo=20, unplaced)        0.372     5.353    u_Softmax_control/u_Softmax/x_max_ln_S9Q102
                         LUT3 (Prop_lut3_I1_O)        0.332     5.685 r  u_Softmax_control/u_Softmax/x_log2e_S10Q14_reg1_reg_i_20__0/O
                         net (fo=1, unplaced)         0.800     6.485    u_Softmax_control/u_Softmax/u_Exp_module_2/A[0]
                         DSP48E1                                      r  u_Softmax_control/u_Softmax/u_Exp_module_2/x_log2e_S10Q14_reg1_reg/A[0]
  -------------------------------------------------------------------    -------------------

                         (clock clk rise edge)       10.000    10.000 r  <hidden>
                                                      0.000    10.000 r  clk
                         net (fo=9117, unset)         0.924    10.924    u_Softmax_control/u_Softmax/u_Exp_module_2/clk
                         DSP48E1                                      r  u_Softmax_control/u_Softmax/u_Exp_module_2/x_log2e_S10Q14_reg1_reg/CLK
                         clock pessimism              0.000    10.924    <hidden>
                         clock uncertainty           -0.035    10.889    <hidden>
                         DSP48E1 (Setup_dsp48e1_CLK_A[0])
                                                     -3.722     7.167    u_Softmax_control/u_Softmax/u_Exp_module_2/x_log2e_S10Q14_reg1_reg
  -------------------------------------------------------------------
                         required time                          7.167    <hidden>
                         arrival time                          -6.485    <hidden>
  -------------------------------------------------------------------
                         slack                                  0.682    <hidden>





Min Delay Paths
--------------------------------------------------------------------------------------
Slack (MET) :             0.208ns  (arrival time - required time)
  Source:                 u_Softmax_control/u_Softmax/valid_in_delay4_reg__0/C
                            (rising edge-triggered cell FDRE clocked by clk  {rise@0.000ns fall@5.000ns period=10.000ns})
  Destination:            u_Softmax_control/u_Softmax/valid_in_delay9_reg_srl5/D
                            (rising edge-triggered cell SRL16E clocked by clk  {rise@0.000ns fall@5.000ns period=10.000ns})
  Path Group:             clk
  Path Type:              Hold (Min at Fast Process Corner)
  Requirement:            0.000ns  (clk rise@0.000ns - clk rise@0.000ns)
  Data Path Delay:        0.293ns  (logic 0.148ns (50.439%)  route 0.145ns (49.561%))
  Logic Levels:           0  
  Clock Path Skew:        0.022ns (DCD - SCD - CPR)
    Destination Clock Delay (DCD):    0.432ns
    Source Clock Delay      (SCD):    0.410ns
    Clock Pessimism Removal (CPR):    -0.000ns

    Location             Delay type                Incr(ns)  Path(ns)    Netlist Resource(s)
  -------------------------------------------------------------------    -------------------
                         (clock clk rise edge)        0.000     0.000 r  <hidden>
                                                      0.000     0.000 r  clk
                         net (fo=9117, unset)         0.410     0.410    u_Softmax_control/u_Softmax/clk
                         FDRE                                         r  u_Softmax_control/u_Softmax/valid_in_delay4_reg__0/C
  -------------------------------------------------------------------    -------------------
                         FDRE (Prop_fdre_C_Q)         0.148     0.558 r  u_Softmax_control/u_Softmax/valid_in_delay4_reg__0/Q
                         net (fo=2, unplaced)         0.145     0.704    u_Softmax_control/u_Softmax/valid_in_delay4
                         SRL16E                                       r  u_Softmax_control/u_Softmax/valid_in_delay9_reg_srl5/D
  -------------------------------------------------------------------    -------------------

                         (clock clk rise edge)        0.000     0.000 r  <hidden>
                                                      0.000     0.000 r  clk
                         net (fo=9117, unset)         0.432     0.432    u_Softmax_control/u_Softmax/clk
                         SRL16E                                       r  u_Softmax_control/u_Softmax/valid_in_delay9_reg_srl5/CLK
                         clock pessimism              0.000     0.432    <hidden>
                         SRL16E (Hold_srl16e_CLK_D)
                                                      0.064     0.496    u_Softmax_control/u_Softmax/valid_in_delay9_reg_srl5
  -------------------------------------------------------------------
                         required time                         -0.496    <hidden>
                         arrival time                           0.704    <hidden>
  -------------------------------------------------------------------
                         slack                                  0.208    <hidden>





Pulse Width Checks
--------------------------------------------------------------------------------------
Clock Name:         clk
Waveform(ns):       { 0.000 5.000 }
Period(ns):         10.000
Sources:            { clk }

Check Type        Corner  Lib Pin      Reference Pin  Required(ns)  Actual(ns)  Slack(ns)  Location  Pin
Min Period        n/a     DSP48E1/CLK  n/a            3.884         10.000      6.116                u_EightGelus/genblk4[0].u_gelu/u_lin/l_4Q21_reg1_reg/CLK
Low Pulse Width   Slow    RAMD64E/CLK  n/a            1.250         5.000       3.750                u_softmax_to_gelu_fifo/fifo_mem_reg_0_63_0_2/RAMA/CLK
High Pulse Width  Slow    RAMD64E/CLK  n/a            1.250         5.000       3.750                u_softmax_to_gelu_fifo/fifo_mem_reg_0_63_0_2/RAMA/CLK



