Copyright 1986-2022 Xilinx, Inc. All Rights Reserved. Copyright 2022-2025 Advanced Micro Devices, Inc. All Rights Reserved.
------------------------------------------------------------------------------------------------------------------------------------------------------------------------
| Tool Version : Vivado v.2025.2 (lin64) Build 6299465 Fri Nov 14 12:34:56 MST 2025
| Date         : Sun Sep  6 14:30:32 2026
| Host         : ip-10-70-154-191.il-central-1.compute.internal running 64-bit Rocky Linux release 8.10 (Green Obsidian)
| Command      : report_design_analysis -logic_level_distribution -logic_level_dist_paths 1000 -file exports/arch_dump_architecture_data_full_accel/design_analysis.rpt
| Design       : design_1_wrapper
| Device       : xc7z020
| Design State : Routed
------------------------------------------------------------------------------------------------------------------------------------------------------------------------

Report Design Analysis

Table of Contents
-----------------
1. Logic Level Distribution

1. Logic Level Distribution
---------------------------

+-----------------+-------------+----+-----+-----+---+---+----+----+----+-----+----+----+----+----+----+
| End Point Clock | Requirement |  0 |  1  |  2  | 3 | 4 |  5 |  6 |  7 |  8  |  9 | 10 | 11 | 12 | 13 |
+-----------------+-------------+----+-----+-----+---+---+----+----+----+-----+----+----+----+----+----+
| clk_fpga_0      | 10.000ns    | 69 | 354 | 129 | 2 | 6 | 11 | 54 | 55 | 143 | 54 | 45 | 66 |  9 |  3 |
+-----------------+-------------+----+-----+-----+---+---+----+----+----+-----+----+----+----+----+----+
* Columns represent the logic levels per end point clock
** Distribution is for top worst 1000 paths


