Copyright 1986-2022 Xilinx, Inc. All Rights Reserved. Copyright 2022-2025 Advanced Micro Devices, Inc. All Rights Reserved.
---------------------------------------------------------------------------------------------------------------------------------------------------
| Tool Version : Vivado v.2025.2 (lin64) Build 6299465 Fri Nov 14 12:34:56 MST 2025
| Date         : Sun Sep  6 14:30:19 2026
| Host         : ip-10-70-154-191.il-central-1.compute.internal running 64-bit Rocky Linux release 8.10 (Green Obsidian)
| Command      : report_utilization -hierarchical -hierarchical_depth 12 -file exports/arch_dump_architecture_data_full_accel/utilization_hier.rpt
| Design       : design_1_wrapper
| Device       : xc7z020clg400-1
| Speed File   : -1
| Design State : Routed
---------------------------------------------------------------------------------------------------------------------------------------------------

Utilization Design Information

Table of Contents
-----------------
1. Utilization by Hierarchy

1. Utilization by Hierarchy
---------------------------

+-------------------------------------------------------------------+---------------------------------------------------------------------+------------+------------+---------+------+-------+--------+--------+------------+
|                              Instance                             |                                Module                               | Total LUTs | Logic LUTs | LUTRAMs | SRLs |  FFs  | RAMB36 | RAMB18 | DSP Blocks |
+-------------------------------------------------------------------+---------------------------------------------------------------------+------------+------------+---------+------+-------+--------+--------+------------+
| design_1_wrapper                                                  |                                                               (top) |      15365 |      14316 |     394 |  655 | 14831 |     83 |      7 |        205 |
|   design_1_i                                                      |                                                            design_1 |      15365 |      14316 |     394 |  655 | 14831 |     83 |      7 |        205 |
|     axi_dma_0                                                     |                                                design_1_axi_dma_0_0 |        851 |        808 |       0 |   43 |  1066 |      4 |      1 |          0 |
|       U0                                                          |                                                             axi_dma |        851 |        808 |       0 |   43 |  1066 |      4 |      1 |          0 |
|         INCLUDE_MM2S_SOF_EOF_GENERATOR.I_MM2S_DMA_MNGR            |                                                axi_dma_mm2s_mngr_27 |         13 |         13 |       0 |    0 |    66 |      0 |      0 |          0 |
|           GEN_MM2S_DMA_CONTROL.GEN_SIMPLE_DMA_MODE.I_MM2S_SMPL_SM |                                                 axi_dma_smple_sm_60 |          5 |          5 |       0 |    0 |    55 |      0 |      0 |          0 |
|         I_AXI_DMA_REG_MODULE                                      |                                               axi_dma_reg_module_28 |         75 |         75 |       0 |    0 |   161 |      0 |      0 |          0 |
|           GEN_AXI_LITE_IF.AXI_LITE_IF_I                           |                                                  axi_dma_lite_if_58 |         54 |         54 |       0 |    0 |    81 |      0 |      0 |          0 |
|           GEN_MM2S_REGISTERS.I_MM2S_DMA_REGISTER                  |                                                 axi_dma_register_59 |         21 |         21 |       0 |    0 |    80 |      0 |      0 |          0 |
|         I_PRMRY_DATAMOVER                                         |                                                    axi_datamover_29 |        756 |        713 |       0 |   43 |   815 |      4 |      1 |          0 |
|           GEN_MM2S_FULL.I_MM2S_FULL_WRAPPER                       |                                     axi_datamover_mm2s_full_wrap_32 |        756 |        713 |       0 |   43 |   815 |      4 |      1 |          0 |
|             ENABLE_AXIS_SKID.I_MM2S_SKID_BUF                      |                                           axi_datamover_skid_buf_33 |         72 |         72 |       0 |    0 |   137 |      0 |      0 |          0 |
|             GEN_INCLUDE_MM2S_DRE.I_DRE_16_to_64                   |                                           axi_datamover_mm2s_dre_34 |        282 |        282 |       0 |    0 |   234 |      0 |      0 |          0 |
|             GEN_INCLUDE_MM2S_SF.I_RD_SF                           |                                              axi_datamover_rd_sf_35 |         77 |         73 |       0 |    4 |    80 |      4 |      1 |          0 |
|               I_DATA_FIFO                                         |                                       axi_datamover_sfifo_autord_49 |         56 |         56 |       0 |    0 |    63 |      4 |      1 |          0 |
|                 BLK_MEM.I_SYNC_FIFOGEN_FIFO                       |                                                       xpm_fifo_sync |         39 |         39 |       0 |    0 |    63 |      4 |      1 |          0 |
|                   xpm_fifo_base_inst                              |                                                       xpm_fifo_base |         39 |         39 |       0 |    0 |    63 |      4 |      1 |          0 |
|             I_CMD_STATUS                                          |                                         axi_datamover_cmd_status_37 |          9 |          9 |       0 |    0 |    61 |      0 |      0 |          0 |
|               I_CMD_FIFO                                          |                                               axi_datamover_fifo_45 |          2 |          2 |       0 |    0 |    55 |      0 |      0 |          0 |
|             I_MSTR_PCC                                            |                                                axi_datamover_pcc_38 |        209 |        209 |       0 |    0 |   187 |      0 |      0 |          0 |
|     axi_dma_1                                                     |                                                design_1_axi_dma_1_0 |        851 |        808 |       0 |   43 |  1066 |      4 |      1 |          0 |
|       U0                                                          |                                                          axi_dma__1 |        851 |        808 |       0 |   43 |  1066 |      4 |      1 |          0 |
|         INCLUDE_MM2S_SOF_EOF_GENERATOR.I_MM2S_DMA_MNGR            |                                                   axi_dma_mm2s_mngr |         13 |         13 |       0 |    0 |    66 |      0 |      0 |          0 |
|           GEN_MM2S_DMA_CONTROL.GEN_SIMPLE_DMA_MODE.I_MM2S_SMPL_SM |                                                 axi_dma_smple_sm_26 |          5 |          5 |       0 |    0 |    55 |      0 |      0 |          0 |
|         I_AXI_DMA_REG_MODULE                                      |                                                  axi_dma_reg_module |         75 |         75 |       0 |    0 |   161 |      0 |      0 |          0 |
|           GEN_AXI_LITE_IF.AXI_LITE_IF_I                           |                                                  axi_dma_lite_if_25 |         54 |         54 |       0 |    0 |    81 |      0 |      0 |          0 |
|           GEN_MM2S_REGISTERS.I_MM2S_DMA_REGISTER                  |                                                    axi_dma_register |         21 |         21 |       0 |    0 |    80 |      0 |      0 |          0 |
|         I_PRMRY_DATAMOVER                                         |                                                       axi_datamover |        756 |        713 |       0 |   43 |   815 |      4 |      1 |          0 |
|           GEN_MM2S_FULL.I_MM2S_FULL_WRAPPER                       |                                        axi_datamover_mm2s_full_wrap |        756 |        713 |       0 |   43 |   815 |      4 |      1 |          0 |
|             ENABLE_AXIS_SKID.I_MM2S_SKID_BUF                      |                                           axi_datamover_skid_buf_13 |         72 |         72 |       0 |    0 |   137 |      0 |      0 |          0 |
|             GEN_INCLUDE_MM2S_DRE.I_DRE_16_to_64                   |                                              axi_datamover_mm2s_dre |        282 |        282 |       0 |    0 |   234 |      0 |      0 |          0 |
|             GEN_INCLUDE_MM2S_SF.I_RD_SF                           |                                                 axi_datamover_rd_sf |         77 |         73 |       0 |    4 |    80 |      4 |      1 |          0 |
|               I_DATA_FIFO                                         |                                          axi_datamover_sfifo_autord |         56 |         56 |       0 |    0 |    63 |      4 |      1 |          0 |
|                 BLK_MEM.I_SYNC_FIFOGEN_FIFO                       |                                                    xpm_fifo_sync__1 |         39 |         39 |       0 |    0 |    63 |      4 |      1 |          0 |
|                   xpm_fifo_base_inst                              |                                                    xpm_fifo_base__1 |         39 |         39 |       0 |    0 |    63 |      4 |      1 |          0 |
|             I_CMD_STATUS                                          |                                            axi_datamover_cmd_status |          9 |          9 |       0 |    0 |    61 |      0 |      0 |          0 |
|               I_CMD_FIFO                                          |                                               axi_datamover_fifo_15 |          2 |          2 |       0 |    0 |    55 |      0 |      0 |          0 |
|             I_MSTR_PCC                                            |                                                   axi_datamover_pcc |        209 |        209 |       0 |    0 |   187 |      0 |      0 |          0 |
|     axi_dma_2                                                     |                                                design_1_axi_dma_2_0 |       1330 |       1254 |      10 |   66 |  1831 |      4 |      1 |          0 |
|       U0                                                          |                                             axi_dma__parameterized2 |       1330 |       1254 |      10 |   66 |  1831 |      4 |      1 |          0 |
|         INCLUDE_S2MM_SOF_EOF_GENERATOR.I_S2MM_DMA_MNGR            |                                                   axi_dma_s2mm_mngr |         21 |         21 |       0 |    0 |    84 |      0 |      0 |          0 |
|           GEN_S2MM_DMA_CONTROL.GEN_SIMPLE_DMA_MODE.I_S2MM_SMPL_SM |                                                    axi_dma_smple_sm |          5 |          5 |       0 |    0 |    55 |      0 |      0 |          0 |
|         I_AXI_DMA_REG_MODULE                                      |                                  axi_dma_reg_module__parameterized0 |         77 |         77 |       0 |    0 |   161 |      0 |      0 |          0 |
|           GEN_AXI_LITE_IF.AXI_LITE_IF_I                           |                                                     axi_dma_lite_if |         54 |         54 |       0 |    0 |    81 |      0 |      0 |          0 |
|           GEN_S2MM_REGISTERS.I_S2MM_DMA_REGISTER                  |                                               axi_dma_register_s2mm |         23 |         23 |       0 |    0 |    80 |      0 |      0 |          0 |
|         I_PRMRY_DATAMOVER                                         |                                       axi_datamover__parameterized0 |       1225 |       1149 |      10 |   66 |  1562 |      4 |      1 |          0 |
|           GEN_S2MM_FULL.I_S2MM_FULL_WRAPPER                       |                                        axi_datamover_s2mm_full_wrap |       1225 |       1149 |      10 |   66 |  1562 |      4 |      1 |          0 |
|             ENABLE_AXIS_SKID.I_S2MM_STRM_SKID_BUF                 |                                              axi_datamover_skid_buf |         84 |         84 |       0 |    0 |   152 |      0 |      0 |          0 |
|             GEN_ENABLE_INDET_BTT_SF.I_INDET_BTT                   |                                             axi_datamover_indet_btt |        216 |        206 |      10 |    0 |   302 |      4 |      1 |          0 |
|               I_XD_FIFO                                           |                          axi_datamover_sfifo_autord__parameterized0 |         78 |         68 |      10 |    0 |    64 |      0 |      0 |          0 |
|                 NON_BLK_MEM.I_SYNC_FIFOGEN_FIFO                   |                                       xpm_fifo_sync__parameterized1 |         46 |         36 |      10 |    0 |    64 |      0 |      0 |          0 |
|                   xpm_fifo_base_inst                              |                                       xpm_fifo_base__parameterized0 |         46 |         36 |      10 |    0 |    64 |      0 |      0 |          0 |
|               ENABLE_AXIS_SKID.I_INDET_BTT_SKID_BUF               |                              axi_datamover_skid_buf__parameterized0 |         88 |         88 |       0 |    0 |   160 |      0 |      0 |          0 |
|               I_DATA_FIFO                                         |                          axi_datamover_sfifo_autord__parameterized1 |         40 |         40 |       0 |    0 |    55 |      4 |      1 |          0 |
|                 BLK_MEM.I_SYNC_FIFOGEN_FIFO                       |                                       xpm_fifo_sync__parameterized3 |         26 |         26 |       0 |    0 |    55 |      4 |      1 |          0 |
|                   xpm_fifo_base_inst                              |                                       xpm_fifo_base__parameterized1 |         26 |         26 |       0 |    0 |    55 |      4 |      1 |          0 |
|             GEN_INCLUDE_IBTTCC.I_S2MM_MSTR_IBTTCC                 |                                                axi_datamover_ibttcc |        152 |        152 |       0 |    0 |   227 |      0 |      0 |          0 |
|             GEN_INCLUDE_REALIGNER.I_S2MM_REALIGNER                |                                          axi_datamover_s2mm_realign |        542 |        520 |       0 |   22 |   485 |      0 |      0 |          0 |
|               GEN_INCLUDE_SCATTER.I_S2MM_SCATTER                  |                                          axi_datamover_s2mm_scatter |        232 |        224 |       0 |    8 |   238 |      0 |      0 |          0 |
|                 (GEN_INCLUDE_SCATTER.I_S2MM_SCATTER)              |                                          axi_datamover_s2mm_scatter |         54 |         54 |       0 |    0 |    55 |      0 |      0 |          0 |
|                 I_MSSAI_SKID_BUF                                  |                                        axi_datamover_mssai_skid_buf |        116 |        116 |       0 |    0 |   156 |      0 |      0 |          0 |
|               GEN_INCLUDE_DRE.I_S2MM_DRE_BLOCK                    |                                              axi_datamover_s2mm_dre |        279 |        279 |       0 |    0 |   233 |      0 |      0 |          0 |
|             I_CMD_STATUS                                          |                            axi_datamover_cmd_status__parameterized0 |         17 |         17 |       0 |    0 |    79 |      0 |      0 |          0 |
|               I_CMD_FIFO                                          |                                                  axi_datamover_fifo |          4 |          4 |       0 |    0 |    55 |      0 |      0 |          0 |
|             I_S2MM_MMAP_SKID_BUF                                  |                                           axi_datamover_skid2mm_buf |         69 |         69 |       0 |    0 |   151 |      0 |      0 |          0 |
|             I_WR_DATA_CNTL                                        |                                           axi_datamover_wrdata_cntl |         78 |         70 |       0 |    8 |    56 |      0 |      0 |          0 |
|               (I_WR_DATA_CNTL)                                    |                                           axi_datamover_wrdata_cntl |         42 |         42 |       0 |    0 |    50 |      0 |      0 |          0 |
|     axi_smc                                                       |                                                  design_1_axi_smc_0 |        405 |        309 |      94 |    2 |   368 |      0 |      0 |          0 |
|       inst                                                        |                                                             bd_afc3 |        405 |        309 |      94 |    2 |   368 |      0 |      0 |          0 |
|         m00_exit_pipeline                                         |                                       m00_exit_pipeline_imp_1TZX5BB |        191 |        190 |       0 |    1 |   137 |      0 |      0 |          0 |
|           m00_exit                                                |                                                      bd_afc3_m00e_0 |        191 |        190 |       0 |    1 |   137 |      0 |      0 |          0 |
|             inst                                                  |                                              sc_exit_v1_0_18_top__1 |        191 |        190 |       0 |    1 |   137 |      0 |      0 |          0 |
|               splitter_inst                                       |                                        sc_exit_v1_0_18_splitter_393 |        175 |        174 |       0 |    1 |   124 |      0 |      0 |          0 |
|                 gen_axi3.splitter_inst                            |                                       sc_exit_v1_0_18_axi3_conv_394 |        175 |        174 |       0 |    1 |   124 |      0 |      0 |          0 |
|                   (gen_axi3.splitter_inst)                        |                                       sc_exit_v1_0_18_axi3_conv_394 |         54 |         54 |       0 |    0 |    55 |      0 |      0 |          0 |
|                   ar_cmd_reg                                      |                                    sc_util_v1_0_4_axi_reg_stall_395 |        108 |        108 |       0 |    0 |    60 |      0 |      0 |          0 |
|         s00_nodes                                                 |                                                s00_nodes_imp_Y7M43I |        181 |         87 |      94 |    0 |   187 |      0 |      0 |          0 |
|           s00_ar_node                                             |                                                      bd_afc3_sarn_0 |         90 |         42 |      48 |    0 |    91 |      0 |      0 |          0 |
|             inst                                                  |                                              sc_node_v1_0_19_top__1 |         90 |         42 |      48 |    0 |    91 |      0 |      0 |          0 |
|               inst_mi_handler                                     |                                      sc_node_v1_0_19_mi_handler_385 |         86 |         38 |      48 |    0 |    86 |      0 |      0 |          0 |
|                 gen_normal_area.inst_fifo_node_payld              |                                            sc_node_v1_0_19_fifo_387 |         86 |         38 |      48 |    0 |    84 |      0 |      0 |          0 |
|                   gen_xpm_memory_fifo.inst_fifo                   |                                  sc_util_v1_0_4_xpm_memory_fifo_388 |         86 |         38 |      48 |    0 |    84 |      0 |      0 |          0 |
|                     gen_mem_rep[0].inst_xpm_memory                |                                                xpm_memory_sdpram__1 |         48 |          0 |      48 |    0 |    62 |      0 |      0 |          0 |
|                       xpm_memory_base_inst                        |                                  xpm_memory_base__parameterized2__1 |         48 |          0 |      48 |    0 |    62 |      0 |      0 |          0 |
|           s00_r_node                                              |                                                       bd_afc3_srn_0 |         91 |         45 |      46 |    0 |    96 |      0 |      0 |          0 |
|             inst                                                  |                              sc_node_v1_0_19_top__parameterized0__1 |         91 |         45 |      46 |    0 |    96 |      0 |      0 |          0 |
|               inst_mi_handler                                     |                      sc_node_v1_0_19_mi_handler__parameterized0_378 |         86 |         40 |      46 |    0 |    91 |      0 |      0 |          0 |
|                 gen_normal_area.inst_fifo_node_payld              |                            sc_node_v1_0_19_fifo__parameterized0_380 |         86 |         40 |      46 |    0 |    89 |      0 |      0 |          0 |
|                   gen_xpm_memory_fifo.inst_fifo                   |                  sc_util_v1_0_4_xpm_memory_fifo__parameterized0_381 |         86 |         40 |      46 |    0 |    89 |      0 |      0 |          0 |
|                     gen_mem_rep[0].inst_xpm_memory                |                                xpm_memory_sdpram__parameterized0__1 |         46 |          0 |      46 |    0 |    67 |      0 |      0 |          0 |
|                       xpm_memory_base_inst                        |                                  xpm_memory_base__parameterized3__1 |         46 |          0 |      46 |    0 |    67 |      0 |      0 |          0 |
|     axi_smc_1                                                     |                                                design_1_axi_smc_1_0 |        405 |        309 |      94 |    2 |   368 |      0 |      0 |          0 |
|       inst                                                        |                                                             bd_a878 |        405 |        309 |      94 |    2 |   368 |      0 |      0 |          0 |
|         m00_exit_pipeline                                         |                                       m00_exit_pipeline_imp_1I3LT8L |        191 |        190 |       0 |    1 |   137 |      0 |      0 |          0 |
|           m00_exit                                                |                                                      bd_a878_m00e_0 |        191 |        190 |       0 |    1 |   137 |      0 |      0 |          0 |
|             inst                                                  |                                                 sc_exit_v1_0_18_top |        191 |        190 |       0 |    1 |   137 |      0 |      0 |          0 |
|               splitter_inst                                       |                                        sc_exit_v1_0_18_splitter_365 |        175 |        174 |       0 |    1 |   124 |      0 |      0 |          0 |
|                 gen_axi3.splitter_inst                            |                                       sc_exit_v1_0_18_axi3_conv_366 |        175 |        174 |       0 |    1 |   124 |      0 |      0 |          0 |
|                   (gen_axi3.splitter_inst)                        |                                       sc_exit_v1_0_18_axi3_conv_366 |         54 |         54 |       0 |    0 |    55 |      0 |      0 |          0 |
|                   ar_cmd_reg                                      |                                    sc_util_v1_0_4_axi_reg_stall_367 |        108 |        108 |       0 |    0 |    60 |      0 |      0 |          0 |
|         s00_nodes                                                 |                                                s00_nodes_imp_NF95JW |        181 |         87 |      94 |    0 |   187 |      0 |      0 |          0 |
|           s00_ar_node                                             |                                                      bd_a878_sarn_0 |         90 |         42 |      48 |    0 |    91 |      0 |      0 |          0 |
|             inst                                                  |                                                 sc_node_v1_0_19_top |         90 |         42 |      48 |    0 |    91 |      0 |      0 |          0 |
|               inst_mi_handler                                     |                                          sc_node_v1_0_19_mi_handler |         86 |         38 |      48 |    0 |    86 |      0 |      0 |          0 |
|                 gen_normal_area.inst_fifo_node_payld              |                                            sc_node_v1_0_19_fifo_359 |         86 |         38 |      48 |    0 |    84 |      0 |      0 |          0 |
|                   gen_xpm_memory_fifo.inst_fifo                   |                                  sc_util_v1_0_4_xpm_memory_fifo_360 |         86 |         38 |      48 |    0 |    84 |      0 |      0 |          0 |
|                     gen_mem_rep[0].inst_xpm_memory                |                                                xpm_memory_sdpram__2 |         48 |          0 |      48 |    0 |    62 |      0 |      0 |          0 |
|                       xpm_memory_base_inst                        |                                  xpm_memory_base__parameterized2__2 |         48 |          0 |      48 |    0 |    62 |      0 |      0 |          0 |
|           s00_r_node                                              |                                                       bd_a878_srn_0 |         91 |         45 |      46 |    0 |    96 |      0 |      0 |          0 |
|             inst                                                  |                                 sc_node_v1_0_19_top__parameterized0 |         91 |         45 |      46 |    0 |    96 |      0 |      0 |          0 |
|               inst_mi_handler                                     |                          sc_node_v1_0_19_mi_handler__parameterized0 |         86 |         40 |      46 |    0 |    91 |      0 |      0 |          0 |
|                 gen_normal_area.inst_fifo_node_payld              |                                sc_node_v1_0_19_fifo__parameterized0 |         86 |         40 |      46 |    0 |    89 |      0 |      0 |          0 |
|                   gen_xpm_memory_fifo.inst_fifo                   |                      sc_util_v1_0_4_xpm_memory_fifo__parameterized0 |         86 |         40 |      46 |    0 |    89 |      0 |      0 |          0 |
|                     gen_mem_rep[0].inst_xpm_memory                |                                   xpm_memory_sdpram__parameterized0 |         46 |          0 |      46 |    0 |    67 |      0 |      0 |          0 |
|                       xpm_memory_base_inst                        |                                     xpm_memory_base__parameterized3 |         46 |          0 |      46 |    0 |    67 |      0 |      0 |          0 |
|     axi_smc_2                                                     |                                                design_1_axi_smc_2_0 |        541 |        433 |     100 |    8 |   455 |      0 |      0 |          0 |
|       inst                                                        |                                                             bd_a888 |        541 |        433 |     100 |    8 |   455 |      0 |      0 |          0 |
|         m00_exit_pipeline                                         |                                        m00_exit_pipeline_imp_J937NU |        244 |        237 |       0 |    7 |   170 |      0 |      0 |          0 |
|           m00_exit                                                |                                                      bd_a888_m00e_0 |        244 |        237 |       0 |    7 |   170 |      0 |      0 |          0 |
|             inst                                                  |                                 sc_exit_v1_0_18_top__parameterized0 |        244 |        237 |       0 |    7 |   170 |      0 |      0 |          0 |
|               splitter_inst                                       |                                            sc_exit_v1_0_18_splitter |        226 |        220 |       0 |    6 |   156 |      0 |      0 |          0 |
|                 gen_axi3.splitter_inst                            |                                           sc_exit_v1_0_18_axi3_conv |        226 |        220 |       0 |    6 |   156 |      0 |      0 |          0 |
|                   (gen_axi3.splitter_inst)                        |                                           sc_exit_v1_0_18_axi3_conv |         58 |         58 |       0 |    0 |    73 |      0 |      0 |          0 |
|                   aw_cmd_reg                                      |                                        sc_util_v1_0_4_axi_reg_stall |        112 |        112 |       0 |    0 |    61 |      0 |      0 |          0 |
|         s00_entry_pipeline                                        |                                      s00_entry_pipeline_imp_1J0OY2X |         59 |         59 |       0 |    0 |    31 |      0 |      0 |          0 |
|         s00_nodes                                                 |                                               s00_nodes_imp_1MT4N83 |        227 |        127 |     100 |    0 |   224 |      0 |      0 |          0 |
|           s00_aw_node                                             |                                                      bd_a888_sawn_0 |         90 |         42 |      48 |    0 |    92 |      0 |      0 |          0 |
|             inst                                                  |                                 sc_node_v1_0_19_top__parameterized1 |         90 |         42 |      48 |    0 |    92 |      0 |      0 |          0 |
|               inst_mi_handler                                     |                          sc_node_v1_0_19_mi_handler__parameterized1 |         86 |         38 |      48 |    0 |    87 |      0 |      0 |          0 |
|                 gen_normal_area.inst_fifo_node_payld              |                                                sc_node_v1_0_19_fifo |         86 |         38 |      48 |    0 |    85 |      0 |      0 |          0 |
|                   gen_xpm_memory_fifo.inst_fifo                   |                                      sc_util_v1_0_4_xpm_memory_fifo |         86 |         38 |      48 |    0 |    85 |      0 |      0 |          0 |
|                     gen_mem_rep[0].inst_xpm_memory                |                                                   xpm_memory_sdpram |         48 |          0 |      48 |    0 |    63 |      0 |      0 |          0 |
|                       xpm_memory_base_inst                        |                                     xpm_memory_base__parameterized2 |         48 |          0 |      48 |    0 |    63 |      0 |      0 |          0 |
|           s00_w_node                                              |                                                       bd_a888_swn_0 |         90 |         42 |      48 |    0 |   101 |      0 |      0 |          0 |
|             inst                                                  |                                 sc_node_v1_0_19_top__parameterized3 |         90 |         42 |      48 |    0 |   101 |      0 |      0 |          0 |
|               inst_mi_handler                                     |                          sc_node_v1_0_19_mi_handler__parameterized3 |         86 |         38 |      48 |    0 |    96 |      0 |      0 |          0 |
|                 gen_normal_area.inst_fifo_node_payld              |                                sc_node_v1_0_19_fifo__parameterized2 |         86 |         38 |      48 |    0 |    94 |      0 |      0 |          0 |
|                   gen_xpm_memory_fifo.inst_fifo                   |                      sc_util_v1_0_4_xpm_memory_fifo__parameterized2 |         86 |         38 |      48 |    0 |    94 |      0 |      0 |          0 |
|                     gen_mem_rep[0].inst_xpm_memory                |                                   xpm_memory_sdpram__parameterized2 |         48 |          0 |      48 |    0 |    72 |      0 |      0 |          0 |
|                       xpm_memory_base_inst                        |                                     xpm_memory_base__parameterized5 |         48 |          0 |      48 |    0 |    72 |      0 |      0 |          0 |
|     axis_dwidth_converter_0                                       |                                  design_1_axis_dwidth_converter_0_0 |         11 |         11 |       0 |    0 |   200 |      0 |      0 |          0 |
|       inst                                                        |               axis_dwidth_converter_v1_1_34_axis_dwidth_converter_4 |         11 |         11 |       0 |    0 |   200 |      0 |      0 |          0 |
|         gen_upsizer_conversion.axisc_upsizer_0                    |                       axis_dwidth_converter_v1_1_34_axisc_upsizer_5 |         10 |         10 |       0 |    0 |   199 |      0 |      0 |          0 |
|     axis_dwidth_converter_1                                       |                                  design_1_axis_dwidth_converter_1_0 |         12 |         12 |       0 |    0 |   200 |      0 |      0 |          0 |
|       inst                                                        |                 axis_dwidth_converter_v1_1_34_axis_dwidth_converter |         12 |         12 |       0 |    0 |   200 |      0 |      0 |          0 |
|         gen_upsizer_conversion.axisc_upsizer_0                    |                         axis_dwidth_converter_v1_1_34_axisc_upsizer |         11 |         11 |       0 |    0 |   199 |      0 |      0 |          0 |
|     axis_dwidth_converter_2                                       |                                  design_1_axis_dwidth_converter_2_0 |         12 |         12 |       0 |    0 |   116 |      0 |      0 |          0 |
|       inst                                                        | axis_dwidth_converter_v1_1_34_axis_dwidth_converter__parameterized0 |         12 |         12 |       0 |    0 |   116 |      0 |      0 |          0 |
|         gen_upsizer_conversion.axisc_upsizer_0                    |         axis_dwidth_converter_v1_1_34_axisc_upsizer__parameterized0 |         11 |         11 |       0 |    0 |   115 |      0 |      0 |          0 |
|     ps7_0_axi_periph                                              |                                         design_1_ps7_0_axi_periph_0 |        566 |        505 |       0 |   61 |   640 |      0 |      0 |          0 |
|       s00_couplers                                                |                                             s00_couplers_imp_UYSKKA |        388 |        327 |       0 |   61 |   516 |      0 |      0 |          0 |
|         auto_pc                                                   |                             design_1_ps7_0_axi_periph_imp_auto_pc_0 |        388 |        327 |       0 |   61 |   516 |      0 |      0 |          0 |
|           inst                                                    |               axi_protocol_converter_v2_1_37_axi_protocol_converter |        388 |        327 |       0 |   61 |   516 |      0 |      0 |          0 |
|             gen_axilite.gen_b2s_conv.axilite_b2s                  |                                  axi_protocol_converter_v2_1_37_b2s |        388 |        327 |       0 |   61 |   516 |      0 |      0 |          0 |
|               WR.aw_channel_0                                     |                       axi_protocol_converter_v2_1_37_b2s_aw_channel |         60 |         60 |       0 |    0 |    81 |      0 |      0 |          0 |
|                 cmd_translator_0                                  |                   axi_protocol_converter_v2_1_37_b2s_cmd_translator |         49 |         49 |       0 |    0 |    63 |      0 |      0 |          0 |
|               RD.ar_channel_0                                     |                       axi_protocol_converter_v2_1_37_b2s_ar_channel |         62 |         62 |       0 |    0 |    77 |      0 |      0 |          0 |
|                 cmd_translator_0                                  |                 axi_protocol_converter_v2_1_37_b2s_cmd_translator_1 |         41 |         41 |       0 |    0 |    63 |      0 |      0 |          0 |
|               RD.r_channel_0                                      |                        axi_protocol_converter_v2_1_37_b2s_r_channel |         61 |         14 |       0 |   47 |    24 |      0 |      0 |          0 |
|               SI_REG                                              |                       axi_register_slice_v2_1_36_axi_register_slice |        174 |        174 |       0 |    0 |   316 |      0 |      0 |          0 |
|                 ar.ar_pipe                                        |                      axi_register_slice_v2_1_36_axic_register_slice |         68 |         68 |       0 |    0 |    96 |      0 |      0 |          0 |
|                 aw.aw_pipe                                        |                    axi_register_slice_v2_1_36_axic_register_slice_0 |         70 |         70 |       0 |    0 |    94 |      0 |      0 |          0 |
|                 r.r_pipe                                          |      axi_register_slice_v2_1_36_axic_register_slice__parameterized2 |         26 |         26 |       0 |    0 |    96 |      0 |      0 |          0 |
|       xbar                                                        |                                design_1_ps7_0_axi_periph_imp_xbar_0 |        178 |        178 |       0 |    0 |   124 |      0 |      0 |          0 |
|         inst                                                      |                                   axi_crossbar_v2_1_38_axi_crossbar |        178 |        178 |       0 |    0 |   124 |      0 |      0 |          0 |
|           gen_sasd.crossbar_sasd_0                                |                                  axi_crossbar_v2_1_38_crossbar_sasd |        178 |        178 |       0 |    0 |   124 |      0 |      0 |          0 |
|             reg_slice_r                                           |      axi_register_slice_v2_1_36_axic_register_slice__parameterized7 |         88 |         88 |       0 |    0 |    74 |      0 |      0 |          0 |
|             addr_arbiter_inst                                     |                              axi_crossbar_v2_1_38_addr_arbiter_sasd |         73 |         73 |       0 |    0 |    32 |      0 |      0 |          0 |
|     transformer_block_axi_top_0                                   |                              design_1_transformer_block_axi_top_0_0 |      10372 |       9847 |      96 |  429 |  8488 |     71 |      4 |        205 |
|       (transformer_block_axi_top_0)                               |                              design_1_transformer_block_axi_top_0_0 |         52 |         52 |       0 |    0 |     0 |      0 |      0 |          0 |
|       inst                                                        |                                           transformer_block_axi_top |      10322 |       9797 |      96 |  429 |  8488 |     71 |      4 |        205 |
|         U_transformer_block_axi                                   |                                               transformer_block_axi |      10322 |       9797 |      96 |  429 |  8488 |     71 |      4 |        205 |
|           (U_transformer_block_axi)                               |                                               transformer_block_axi |         91 |         91 |       0 |    0 |   268 |      0 |      0 |          0 |
|           u_transformer_block_top                                 |                                               transformer_block_top |      10231 |       9706 |      96 |  429 |  8220 |     71 |      4 |        205 |
|             u_softmax_to_gelu_fifo                                |                                                   axis_upsizer_fifo |        157 |         61 |      96 |    0 |    66 |      0 |      0 |          0 |
|             u_EightGelus                                          |                                                          EightGelus |       1096 |       1026 |       0 |   70 |   438 |      0 |      0 |          4 |
|               genblk4[3].u_gelu                                   |                                                            gelu_334 |        268 |        253 |       0 |   15 |   112 |      0 |      0 |          1 |
|                 (genblk4[3].u_gelu)                               |                                                            gelu_334 |         80 |         66 |       0 |   14 |    74 |      0 |      0 |          0 |
|                 u_lin                                             |                                                                 lin |        188 |        187 |       0 |    1 |    38 |      0 |      0 |          1 |
|               genblk4[0].u_gelu                                   |                                                                gelu |        284 |        265 |       0 |   19 |    98 |      0 |      0 |          1 |
|                 (genblk4[0].u_gelu)                               |                                                                gelu |         96 |         78 |       0 |   18 |    78 |      0 |      0 |          0 |
|                 u_lin                                             |                                                             lin_337 |        188 |        187 |       0 |    1 |    20 |      0 |      0 |          1 |
|               genblk4[1].u_gelu                                   |                                                            gelu_332 |        268 |        253 |       0 |   15 |    94 |      0 |      0 |          1 |
|                 (genblk4[1].u_gelu)                               |                                                            gelu_332 |         80 |         66 |       0 |   14 |    74 |      0 |      0 |          0 |
|                 u_lin                                             |                                                             lin_336 |        188 |        187 |       0 |    1 |    20 |      0 |      0 |          1 |
|               genblk4[2].u_gelu                                   |                                                            gelu_333 |        268 |        253 |       0 |   15 |    94 |      0 |      0 |          1 |
|                 (genblk4[2].u_gelu)                               |                                                            gelu_333 |         80 |         66 |       0 |   14 |    74 |      0 |      0 |          0 |
|                 u_lin                                             |                                                             lin_335 |        188 |        187 |       0 |    1 |    20 |      0 |      0 |          1 |
|             u_MM_ultra                                            |                                                            MM_ultra |       8403 |       8066 |       0 |  337 |  7382 |     71 |      3 |        197 |
|               (u_MM_ultra)                                        |                                                            MM_ultra |         65 |         65 |       0 |    0 |    85 |      0 |      0 |          0 |
|               u_MM_buffer                                         |                                                           MM_buffer |       6679 |       6342 |       0 |  337 |  6632 |      6 |      0 |        192 |
|                 (u_MM_buffer)                                     |                                                           MM_buffer |        184 |        184 |       0 |    0 |   101 |      6 |      0 |          0 |
|                 u_MM                                              |                                                                  MM |       6497 |       6160 |       0 |  337 |  6531 |      0 |      0 |        192 |
|                   (u_MM)                                          |                                                                  MM |        688 |        686 |       0 |    2 |  2323 |      0 |      0 |          0 |
|                   u_PE_array                                      |                                                            PE_array |       5809 |       5474 |       0 |  335 |  4208 |      0 |      0 |        192 |
|                     (u_PE_array)                                  |                                                            PE_array |        598 |        263 |       0 |  335 |   948 |      0 |      0 |          0 |
|                     array[0].PE_line_u                            |                                                             PE_line |          8 |          8 |       0 |    0 |   104 |      0 |      0 |         16 |
|                     array[10].PE_line_u                           |                                                          PE_line_64 |          4 |          4 |       0 |    0 |   104 |      0 |      0 |         16 |
|                     array[11].PE_line_u                           |                                                          PE_line_65 |        273 |        273 |       0 |    0 |   104 |      0 |      0 |         16 |
|                     array[12].PE_line_u                           |                                             PE_line__parameterized0 |       1281 |       1281 |       0 |    0 |   568 |      0 |      0 |          0 |
|                       array_line[0].PE_u                          |                                              PE__parameterized0_268 |        100 |        100 |       0 |    0 |    36 |      0 |      0 |          0 |
|                       array_line[10].PE_u                         |                                              PE__parameterized0_269 |         87 |         87 |       0 |    0 |    36 |      0 |      0 |          0 |
|                       array_line[11].PE_u                         |                                              PE__parameterized0_270 |         87 |         87 |       0 |    0 |    36 |      0 |      0 |          0 |
|                       array_line[12].PE_u                         |                                              PE__parameterized0_271 |         87 |         87 |       0 |    0 |    36 |      0 |      0 |          0 |
|                       array_line[13].PE_u                         |                                              PE__parameterized0_272 |         87 |         87 |       0 |    0 |    36 |      0 |      0 |          0 |
|                       array_line[14].PE_u                         |                                              PE__parameterized0_273 |         87 |         87 |       0 |    0 |    36 |      0 |      0 |          0 |
|                       array_line[15].PE_u                         |                                              PE__parameterized0_274 |         68 |         68 |       0 |    0 |    28 |      0 |      0 |          0 |
|                       array_line[1].PE_u                          |                                              PE__parameterized0_275 |         87 |         87 |       0 |    0 |    36 |      0 |      0 |          0 |
|                       array_line[2].PE_u                          |                                              PE__parameterized0_276 |         87 |         87 |       0 |    0 |    36 |      0 |      0 |          0 |
|                       array_line[3].PE_u                          |                                              PE__parameterized0_277 |         87 |         87 |       0 |    0 |    36 |      0 |      0 |          0 |
|                       array_line[4].PE_u                          |                                              PE__parameterized0_278 |         87 |         87 |       0 |    0 |    36 |      0 |      0 |          0 |
|                       array_line[5].PE_u                          |                                              PE__parameterized0_279 |         87 |         87 |       0 |    0 |    36 |      0 |      0 |          0 |
|                       array_line[6].PE_u                          |                                              PE__parameterized0_280 |         87 |         87 |       0 |    0 |    36 |      0 |      0 |          0 |
|                       array_line[7].PE_u                          |                                              PE__parameterized0_281 |         87 |         87 |       0 |    0 |    36 |      0 |      0 |          0 |
|                       array_line[8].PE_u                          |                                              PE__parameterized0_282 |         87 |         87 |       0 |    0 |    36 |      0 |      0 |          0 |
|                       array_line[9].PE_u                          |                                              PE__parameterized0_283 |         87 |         87 |       0 |    0 |    36 |      0 |      0 |          0 |
|                     array[13].PE_line_u                           |                                          PE_line__parameterized0_66 |       1280 |       1280 |       0 |    0 |   568 |      0 |      0 |          0 |
|                       array_line[0].PE_u                          |                                              PE__parameterized0_252 |        100 |        100 |       0 |    0 |    36 |      0 |      0 |          0 |
|                       array_line[10].PE_u                         |                                              PE__parameterized0_253 |         87 |         87 |       0 |    0 |    36 |      0 |      0 |          0 |
|                       array_line[11].PE_u                         |                                              PE__parameterized0_254 |         87 |         87 |       0 |    0 |    36 |      0 |      0 |          0 |
|                       array_line[12].PE_u                         |                                              PE__parameterized0_255 |         87 |         87 |       0 |    0 |    36 |      0 |      0 |          0 |
|                       array_line[13].PE_u                         |                                              PE__parameterized0_256 |         87 |         87 |       0 |    0 |    36 |      0 |      0 |          0 |
|                       array_line[14].PE_u                         |                                              PE__parameterized0_257 |         87 |         87 |       0 |    0 |    36 |      0 |      0 |          0 |
|                       array_line[15].PE_u                         |                                              PE__parameterized0_258 |         67 |         67 |       0 |    0 |    28 |      0 |      0 |          0 |
|                       array_line[1].PE_u                          |                                              PE__parameterized0_259 |         87 |         87 |       0 |    0 |    36 |      0 |      0 |          0 |
|                       array_line[2].PE_u                          |                                              PE__parameterized0_260 |         87 |         87 |       0 |    0 |    36 |      0 |      0 |          0 |
|                       array_line[3].PE_u                          |                                              PE__parameterized0_261 |         87 |         87 |       0 |    0 |    36 |      0 |      0 |          0 |
|                       array_line[4].PE_u                          |                                              PE__parameterized0_262 |         87 |         87 |       0 |    0 |    36 |      0 |      0 |          0 |
|                       array_line[5].PE_u                          |                                              PE__parameterized0_263 |         87 |         87 |       0 |    0 |    36 |      0 |      0 |          0 |
|                       array_line[6].PE_u                          |                                              PE__parameterized0_264 |         87 |         87 |       0 |    0 |    36 |      0 |      0 |          0 |
|                       array_line[7].PE_u                          |                                              PE__parameterized0_265 |         87 |         87 |       0 |    0 |    36 |      0 |      0 |          0 |
|                       array_line[8].PE_u                          |                                              PE__parameterized0_266 |         87 |         87 |       0 |    0 |    36 |      0 |      0 |          0 |
|                       array_line[9].PE_u                          |                                              PE__parameterized0_267 |         87 |         87 |       0 |    0 |    36 |      0 |      0 |          0 |
|                     array[14].PE_line_u                           |                                          PE_line__parameterized0_67 |       1280 |       1280 |       0 |    0 |   568 |      0 |      0 |          0 |
|                       array_line[0].PE_u                          |                                              PE__parameterized0_236 |        100 |        100 |       0 |    0 |    36 |      0 |      0 |          0 |
|                       array_line[10].PE_u                         |                                              PE__parameterized0_237 |         87 |         87 |       0 |    0 |    36 |      0 |      0 |          0 |
|                       array_line[11].PE_u                         |                                              PE__parameterized0_238 |         87 |         87 |       0 |    0 |    36 |      0 |      0 |          0 |
|                       array_line[12].PE_u                         |                                              PE__parameterized0_239 |         87 |         87 |       0 |    0 |    36 |      0 |      0 |          0 |
|                       array_line[13].PE_u                         |                                              PE__parameterized0_240 |         87 |         87 |       0 |    0 |    36 |      0 |      0 |          0 |
|                       array_line[14].PE_u                         |                                              PE__parameterized0_241 |         87 |         87 |       0 |    0 |    36 |      0 |      0 |          0 |
|                       array_line[15].PE_u                         |                                              PE__parameterized0_242 |         67 |         67 |       0 |    0 |    28 |      0 |      0 |          0 |
|                       array_line[1].PE_u                          |                                              PE__parameterized0_243 |         87 |         87 |       0 |    0 |    36 |      0 |      0 |          0 |
|                       array_line[2].PE_u                          |                                              PE__parameterized0_244 |         87 |         87 |       0 |    0 |    36 |      0 |      0 |          0 |
|                       array_line[3].PE_u                          |                                              PE__parameterized0_245 |         87 |         87 |       0 |    0 |    36 |      0 |      0 |          0 |
|                       array_line[4].PE_u                          |                                              PE__parameterized0_246 |         87 |         87 |       0 |    0 |    36 |      0 |      0 |          0 |
|                       array_line[5].PE_u                          |                                              PE__parameterized0_247 |         87 |         87 |       0 |    0 |    36 |      0 |      0 |          0 |
|                       array_line[6].PE_u                          |                                              PE__parameterized0_248 |         87 |         87 |       0 |    0 |    36 |      0 |      0 |          0 |
|                       array_line[7].PE_u                          |                                              PE__parameterized0_249 |         87 |         87 |       0 |    0 |    36 |      0 |      0 |          0 |
|                       array_line[8].PE_u                          |                                              PE__parameterized0_250 |         87 |         87 |       0 |    0 |    36 |      0 |      0 |          0 |
|                       array_line[9].PE_u                          |                                              PE__parameterized0_251 |         87 |         87 |       0 |    0 |    36 |      0 |      0 |          0 |
|                     array[15].PE_line_u                           |                                          PE_line__parameterized0_68 |       1060 |       1060 |       0 |    0 |   308 |      0 |      0 |          0 |
|                       array_line[0].PE_u                          |                                                  PE__parameterized0 |         87 |         87 |       0 |    0 |    16 |      0 |      0 |          0 |
|                       array_line[10].PE_u                         |                                              PE__parameterized0_221 |         74 |         74 |       0 |    0 |    16 |      0 |      0 |          0 |
|                       array_line[11].PE_u                         |                                              PE__parameterized0_222 |         74 |         74 |       0 |    0 |    16 |      0 |      0 |          0 |
|                       array_line[12].PE_u                         |                                              PE__parameterized0_223 |         74 |         74 |       0 |    0 |    16 |      0 |      0 |          0 |
|                       array_line[13].PE_u                         |                                              PE__parameterized0_224 |         70 |         70 |       0 |    0 |    36 |      0 |      0 |          0 |
|                       array_line[14].PE_u                         |                                              PE__parameterized0_225 |         70 |         70 |       0 |    0 |    36 |      0 |      0 |          0 |
|                       array_line[15].PE_u                         |                                              PE__parameterized0_226 |         50 |         50 |       0 |    0 |    28 |      0 |      0 |          0 |
|                       array_line[1].PE_u                          |                                              PE__parameterized0_227 |         74 |         74 |       0 |    0 |    16 |      0 |      0 |          0 |
|                       array_line[2].PE_u                          |                                              PE__parameterized0_228 |         74 |         74 |       0 |    0 |    16 |      0 |      0 |          0 |
|                       array_line[3].PE_u                          |                                              PE__parameterized0_229 |         74 |         74 |       0 |    0 |    16 |      0 |      0 |          0 |
|                       array_line[4].PE_u                          |                                              PE__parameterized0_230 |         74 |         74 |       0 |    0 |    16 |      0 |      0 |          0 |
|                       array_line[5].PE_u                          |                                              PE__parameterized0_231 |         74 |         74 |       0 |    0 |    16 |      0 |      0 |          0 |
|                       array_line[6].PE_u                          |                                              PE__parameterized0_232 |         74 |         74 |       0 |    0 |    16 |      0 |      0 |          0 |
|                       array_line[7].PE_u                          |                                              PE__parameterized0_233 |         74 |         74 |       0 |    0 |    16 |      0 |      0 |          0 |
|                       array_line[8].PE_u                          |                                              PE__parameterized0_234 |         74 |         74 |       0 |    0 |    16 |      0 |      0 |          0 |
|                       array_line[9].PE_u                          |                                              PE__parameterized0_235 |         74 |         74 |       0 |    0 |    16 |      0 |      0 |          0 |
|                     array[1].PE_line_u                            |                                                          PE_line_69 |         12 |         12 |       0 |    0 |   104 |      0 |      0 |         16 |
|                     array[2].PE_line_u                            |                                                          PE_line_70 |          3 |          3 |       0 |    0 |   104 |      0 |      0 |         16 |
|                     array[3].PE_line_u                            |                                                          PE_line_71 |          0 |          0 |       0 |    0 |   104 |      0 |      0 |         16 |
|                     array[4].PE_line_u                            |                                                          PE_line_72 |          0 |          0 |       0 |    0 |   104 |      0 |      0 |         16 |
|                     array[5].PE_line_u                            |                                                          PE_line_73 |          3 |          3 |       0 |    0 |   104 |      0 |      0 |         16 |
|                     array[6].PE_line_u                            |                                                          PE_line_74 |          4 |          4 |       0 |    0 |   104 |      0 |      0 |         16 |
|                     array[7].PE_line_u                            |                                                          PE_line_75 |          0 |          0 |       0 |    0 |   104 |      0 |      0 |         16 |
|                     array[8].PE_line_u                            |                                                          PE_line_76 |          0 |          0 |       0 |    0 |   104 |      0 |      0 |         16 |
|                     array[9].PE_line_u                            |                                                          PE_line_77 |          3 |          3 |       0 |    0 |   104 |      0 |      0 |         16 |
|               u_MM_in_buffer                                      |                                                        MM_in_buffer |        157 |        157 |       0 |    0 |   128 |     28 |      2 |          2 |
|               u_MM_out_buffer                                     |                                                       MM_out_buffer |       1507 |       1507 |       0 |    0 |   537 |     37 |      1 |          3 |
|             u_Softmax_control                                     |                                                     Softmax_control |        513 |        491 |       0 |   22 |   195 |      0 |      1 |          4 |
|               (u_Softmax_control)                                 |                                                     Softmax_control |        104 |        104 |       0 |    0 |    53 |      0 |      1 |          0 |
|               u_Softmax                                           |                                                             Softmax |        410 |        388 |       0 |   22 |   142 |      0 |      0 |          4 |
|                 (u_Softmax)                                       |                                                             Softmax |        126 |        104 |       0 |   22 |    85 |      0 |      0 |          0 |
|                 u_Exp_module_1                                    |                                                          Exp_module |        114 |        114 |       0 |    0 |    12 |      0 |      0 |          2 |
|                 u_Exp_module_2                                    |                                                       Exp_module_63 |         77 |         77 |       0 |    0 |    14 |      0 |      0 |          2 |
|                 u_Ln_module                                       |                                                           Ln_module |         93 |         93 |       0 |    0 |    31 |      0 |      0 |          0 |
|             u_mm_to_softmax_downsizer                             |                                                      axis_downsizer |         70 |         70 |       0 |    0 |   134 |      0 |      0 |          0 |
+-------------------------------------------------------------------+---------------------------------------------------------------------+------------+------------+---------+------+-------+--------+--------+------------+
* Note: The sum of lower-level cells may be larger than their parent cells total, due to cross-hierarchy LUT combining


