Copyright 1986-2022 Xilinx, Inc. All Rights Reserved. Copyright 2022-2026 Advanced Micro Devices, Inc. All Rights Reserved.
---------------------------------------------------------------------------------------------------------------------------------------------
| Tool Version : Vivado v.2026.1 (lin64) Build 6511674 Tue Jun 16 11:01:26 MDT 2026
| Date         : Thu Aug  6 11:22:17 2026
| Host         : ip-10-70-171-248.il-central-1.compute.internal running 64-bit Rocky Linux release 8.10 (Green Obsidian)
| Command      : report_timing_summary -file /project/tsmc65/users/rasksha/ws/taoFPGA/reports/syn/soc/timing_summary.rpt
| Design       : design_1_wrapper
| Device       : 7z020-clg400
| Speed File   : -1  PRODUCTION 1.12 2019-11-22
| Design State : Synthesized
---------------------------------------------------------------------------------------------------------------------------------------------

Timing Summary Report

------------------------------------------------------------------------------------------------
| Timer Settings
| --------------
------------------------------------------------------------------------------------------------

  Enable Multi Corner Analysis               :  Yes
  Enable Pessimism Removal                   :  Yes
  Pessimism Removal Resolution               :  Nearest Common Node
  Enable Input Delay Default Clock           :  No
  Enable Preset / Clear Arcs                 :  No
  Disable Flight Delays                      :  No
  Ignore I/O Paths                           :  No
  Timing Early Launch at Borrowing Latches   :  No
  Borrow Time for Max Delay Exceptions       :  Yes
  Merge Timing Exceptions                    :  Yes
  Inter-SLR Compensation                     :  Conservative

  Corner  Analyze    Analyze    
  Name    Max Paths  Min Paths  
  ------  ---------  ---------  
  Slow    Yes        Yes        
  Fast    Yes        Yes        


------------------------------------------------------------------------------------------------
| Report Methodology
| ------------------
------------------------------------------------------------------------------------------------

No report available as report_methodology has not been run prior. Run report_methodology on the current design for the summary of methodology violations.



check_timing report

Table of Contents
-----------------
1. checking no_clock (0)
2. checking constant_clock (0)
3. checking pulse_width_clock (0)
4. checking unconstrained_internal_endpoints (0)
5. checking no_input_delay (0)
6. checking no_output_delay (0)
7. checking multiple_clock (0)
8. checking generated_clocks (0)
9. checking loops (0)
10. checking partial_input_delay (0)
11. checking partial_output_delay (0)
12. checking latch_loops (0)

1. checking no_clock (0)
------------------------
 There are 0 register/latch pins with no clock.


2. checking constant_clock (0)
------------------------------
 There are 0 register/latch pins with constant_clock.


3. checking pulse_width_clock (0)
---------------------------------
 There are 0 register/latch pins which need pulse_width check


4. checking unconstrained_internal_endpoints (0)
------------------------------------------------
 There are 0 pins that are not constrained for maximum delay.

 There are 0 pins that are not constrained for maximum delay due to constant clock.


5. checking no_input_delay (0)
------------------------------
 There are 0 input ports with no input delay specified.

 There are 0 input ports with no input delay but user has a false path constraint.


6. checking no_output_delay (0)
-------------------------------
 There are 0 ports with no output delay specified.

 There are 0 ports with no output delay but user has a false path constraint

 There are 0 ports with no output delay but with a timing clock defined on it or propagating through it


7. checking multiple_clock (0)
------------------------------
 There are 0 register/latch pins with multiple clocks.


8. checking generated_clocks (0)
--------------------------------
 There are 0 generated clocks that are not connected to a clock source.


9. checking loops (0)
---------------------
 There are 0 combinational loops in the design.


10. checking partial_input_delay (0)
------------------------------------
 There are 0 input ports with partial input delay specified.


11. checking partial_output_delay (0)
-------------------------------------
 There are 0 ports with partial output delay specified.


12. checking latch_loops (0)
----------------------------
 There are 0 combinational latch loops in the design through latch input



------------------------------------------------------------------------------------------------
| Design Timing Summary
| ---------------------
------------------------------------------------------------------------------------------------

    WNS(ns)      TNS(ns)  TNS Failing Endpoints  TNS Total Endpoints      WHS(ns)      THS(ns)  THS Failing Endpoints  THS Total Endpoints     WPWS(ns)     TPWS(ns)  TPWS Failing Endpoints  TPWS Total Endpoints  
    -------      -------  ---------------------  -------------------      -------      -------  ---------------------  -------------------     --------     --------  ----------------------  --------------------  
      0.507        0.000                      0                63274        0.033        0.000                      0                63274        3.750        0.000                       0                 16782  


All user specified timing constraints are met.


------------------------------------------------------------------------------------------------
| Clock Summary
| -------------
------------------------------------------------------------------------------------------------

Clock       Waveform(ns)       Period(ns)      Frequency(MHz)
-----       ------------       ----------      --------------
clk_fpga_0  {0.000 5.000}      10.000          100.000         


------------------------------------------------------------------------------------------------
| Intra Clock Table
| -----------------
------------------------------------------------------------------------------------------------

Clock             WNS(ns)      TNS(ns)  TNS Failing Endpoints  TNS Total Endpoints      WHS(ns)      THS(ns)  THS Failing Endpoints  THS Total Endpoints     WPWS(ns)     TPWS(ns)  TPWS Failing Endpoints  TPWS Total Endpoints  
-----             -------      -------  ---------------------  -------------------      -------      -------  ---------------------  -------------------     --------     --------  ----------------------  --------------------  
clk_fpga_0          0.507        0.000                      0                63274        0.033        0.000                      0                63274        3.750        0.000                       0                 16782  


------------------------------------------------------------------------------------------------
| Inter Clock Table
| -----------------
------------------------------------------------------------------------------------------------

From Clock    To Clock          WNS(ns)      TNS(ns)  TNS Failing Endpoints  TNS Total Endpoints      WHS(ns)      THS(ns)  THS Failing Endpoints  THS Total Endpoints  
----------    --------          -------      -------  ---------------------  -------------------      -------      -------  ---------------------  -------------------  


------------------------------------------------------------------------------------------------
| Other Path Groups Table
| -----------------------
------------------------------------------------------------------------------------------------

Path Group    From Clock    To Clock          WNS(ns)      TNS(ns)  TNS Failing Endpoints  TNS Total Endpoints      WHS(ns)      THS(ns)  THS Failing Endpoints  THS Total Endpoints  
----------    ----------    --------          -------      -------  ---------------------  -------------------      -------      -------  ---------------------  -------------------  


------------------------------------------------------------------------------------------------
| Timing Details
| --------------
------------------------------------------------------------------------------------------------


---------------------------------------------------------------------------------------------------
From Clock:  clk_fpga_0
  To Clock:  clk_fpga_0

Setup :            0  Failing Endpoints,  Worst Slack        0.507ns,  Total Violation        0.000ns
Hold  :            0  Failing Endpoints,  Worst Slack        0.033ns,  Total Violation        0.000ns
PW    :            0  Failing Endpoints,  Worst Slack        3.750ns,  Total Violation        0.000ns
---------------------------------------------------------------------------------------------------


Max Delay Paths
--------------------------------------------------------------------------------------
Slack (MET) :             0.507ns  (required time - arrival time)
  Source:                 design_1_i/transformer_block_axi_top_0/inst/U_transformer_block_axi/u_transformer_block_top/u_Softmax_control/u_Softmax/x_max_S9Q10_delay6_reg[1]__0/C
                            (rising edge-triggered cell FDRE clocked by clk_fpga_0  {rise@0.000ns fall@5.000ns period=10.000ns})
  Destination:            design_1_i/transformer_block_axi_top_0/inst/U_transformer_block_axi/u_transformer_block_top/u_Softmax_control/u_Softmax/u_Exp_module_2/x_log2e_S10Q14_reg1_reg/A[0]
                            (rising edge-triggered cell DSP48E1 clocked by clk_fpga_0  {rise@0.000ns fall@5.000ns period=10.000ns})
  Path Group:             clk_fpga_0
  Path Type:              Setup (Max at Slow Process Corner)
  Requirement:            10.000ns  (clk_fpga_0 rise@10.000ns - clk_fpga_0 rise@0.000ns)
  Data Path Delay:        5.472ns  (logic 3.085ns (56.381%)  route 2.387ns (43.619%))
  Logic Levels:           9  (CARRY4=7 LUT2=1 LUT3=1)
  Clock Path Skew:        -0.145ns (DCD - SCD + CPR)
    Destination Clock Delay (DCD):    1.505ns = ( 11.505 - 10.000 ) 
    Source Clock Delay      (SCD):    1.700ns
    Clock Pessimism Removal (CPR):    0.050ns
  Clock Uncertainty:      0.154ns  ((TSJ^2 + TIJ^2)^1/2 + DJ) / 2 + PE
    Total System Jitter     (TSJ):    0.071ns
    Total Input Jitter      (TIJ):    0.300ns
    Discrete Jitter          (DJ):    0.000ns
    Phase Error              (PE):    0.000ns

    Location             Delay type                Incr(ns)  Path(ns)    Netlist Resource(s)
  -------------------------------------------------------------------    -------------------
                         (clock clk_fpga_0 rise edge)
                                                      0.000     0.000 r  <hidden>
    PS7_X0Y0             PS7                          0.000     0.000 r  design_1_i/processing_system7_0/inst/PS7_i/FCLKCLK[0]
                         net (fo=1, unplaced)         0.800     0.800    design_1_i/processing_system7_0/inst/FCLK_CLK_unbuffered[0]
                         BUFG (Prop_bufg_I_O)         0.101     0.901 r  design_1_i/processing_system7_0/inst/buffer_fclk_clk_0.FCLK_CLK_0_BUFG/O
                         net (fo=16790, unplaced)     0.800     1.700    design_1_i/transformer_block_axi_top_0/inst/U_transformer_block_axi/u_transformer_block_top/u_Softmax_control/u_Softmax/aclk
                         FDRE                                         r  design_1_i/transformer_block_axi_top_0/inst/U_transformer_block_axi/u_transformer_block_top/u_Softmax_control/u_Softmax/x_max_S9Q10_delay6_reg[1]__0/C
  -------------------------------------------------------------------    -------------------
                         FDRE (Prop_fdre_C_Q)         0.438     2.138 r  design_1_i/transformer_block_axi_top_0/inst/U_transformer_block_axi/u_transformer_block_top/u_Softmax_control/u_Softmax/x_max_S9Q10_delay6_reg[1]__0/Q
                         net (fo=2, unplaced)         0.481     2.619    design_1_i/transformer_block_axi_top_0/inst/U_transformer_block_axi/u_transformer_block_top/u_Softmax_control/u_Softmax/u_Ln_module/x_max_S9Q10_delay6[1]
                         LUT2 (Prop_lut2_I0_O)        0.295     2.914 r  design_1_i/transformer_block_axi_top_0/inst/U_transformer_block_axi/u_transformer_block_top/u_Softmax_control/u_Softmax/u_Ln_module/x_max_ln_S10Q10_carry_i_3/O
                         net (fo=1, unplaced)         0.000     2.914    design_1_i/transformer_block_axi_top_0/inst/U_transformer_block_axi/u_transformer_block_top/u_Softmax_control/u_Softmax/u_Ln_module_n_39
                         CARRY4 (Prop_carry4_S[1]_CO[3])
                                                      0.533     3.447 r  design_1_i/transformer_block_axi_top_0/inst/U_transformer_block_axi/u_transformer_block_top/u_Softmax_control/u_Softmax/x_max_ln_S10Q10_carry/CO[3]
                         net (fo=1, unplaced)         0.009     3.456    design_1_i/transformer_block_axi_top_0/inst/U_transformer_block_axi/u_transformer_block_top/u_Softmax_control/u_Softmax/x_max_ln_S10Q10_carry_n_0
                         CARRY4 (Prop_carry4_CI_CO[3])
                                                      0.117     3.573 r  design_1_i/transformer_block_axi_top_0/inst/U_transformer_block_axi/u_transformer_block_top/u_Softmax_control/u_Softmax/x_max_ln_S10Q10_carry__0/CO[3]
                         net (fo=1, unplaced)         0.000     3.573    design_1_i/transformer_block_axi_top_0/inst/U_transformer_block_axi/u_transformer_block_top/u_Softmax_control/u_Softmax/x_max_ln_S10Q10_carry__0_n_0
                         CARRY4 (Prop_carry4_CI_CO[3])
                                                      0.117     3.690 r  design_1_i/transformer_block_axi_top_0/inst/U_transformer_block_axi/u_transformer_block_top/u_Softmax_control/u_Softmax/x_max_ln_S10Q10_carry__1/CO[3]
                         net (fo=1, unplaced)         0.000     3.690    design_1_i/transformer_block_axi_top_0/inst/U_transformer_block_axi/u_transformer_block_top/u_Softmax_control/u_Softmax/x_max_ln_S10Q10_carry__1_n_0
                         CARRY4 (Prop_carry4_CI_CO[3])
                                                      0.117     3.807 r  design_1_i/transformer_block_axi_top_0/inst/U_transformer_block_axi/u_transformer_block_top/u_Softmax_control/u_Softmax/x_max_ln_S10Q10_carry__2/CO[3]
                         net (fo=1, unplaced)         0.000     3.807    design_1_i/transformer_block_axi_top_0/inst/U_transformer_block_axi/u_transformer_block_top/u_Softmax_control/u_Softmax/x_max_ln_S10Q10_carry__2_n_0
                         CARRY4 (Prop_carry4_CI_CO[3])
                                                      0.117     3.924 r  design_1_i/transformer_block_axi_top_0/inst/U_transformer_block_axi/u_transformer_block_top/u_Softmax_control/u_Softmax/x_max_ln_S10Q10_carry__3/CO[3]
                         net (fo=1, unplaced)         0.000     3.924    design_1_i/transformer_block_axi_top_0/inst/U_transformer_block_axi/u_transformer_block_top/u_Softmax_control/u_Softmax/x_max_ln_S10Q10_carry__3_n_0
                         CARRY4 (Prop_carry4_CI_O[0])
                                                      0.232     4.156 r  design_1_i/transformer_block_axi_top_0/inst/U_transformer_block_axi/u_transformer_block_top/u_Softmax_control/u_Softmax/x_max_ln_S10Q10_carry__4/O[0]
                         net (fo=21, unplaced)        0.725     4.881    design_1_i/transformer_block_axi_top_0/inst/U_transformer_block_axi/u_transformer_block_top/u_Softmax_control/u_Softmax/x_max_ln_S10Q10[20]
                         CARRY4 (Prop_carry4_S[1]_CO[1])
                                                      0.787     5.668 f  design_1_i/transformer_block_axi_top_0/inst/U_transformer_block_axi/u_transformer_block_top/u_Softmax_control/u_Softmax/x_max_ln_S9Q102_carry/CO[1]
                         net (fo=20, unplaced)        0.372     6.040    design_1_i/transformer_block_axi_top_0/inst/U_transformer_block_axi/u_transformer_block_top/u_Softmax_control/u_Softmax/x_max_ln_S9Q102
                         LUT3 (Prop_lut3_I1_O)        0.332     6.372 r  design_1_i/transformer_block_axi_top_0/inst/U_transformer_block_axi/u_transformer_block_top/u_Softmax_control/u_Softmax/x_log2e_S10Q14_reg1_reg_i_20__0/O
                         net (fo=1, unplaced)         0.800     7.172    design_1_i/transformer_block_axi_top_0/inst/U_transformer_block_axi/u_transformer_block_top/u_Softmax_control/u_Softmax/u_Exp_module_2/A[0]
                         DSP48E1                                      r  design_1_i/transformer_block_axi_top_0/inst/U_transformer_block_axi/u_transformer_block_top/u_Softmax_control/u_Softmax/u_Exp_module_2/x_log2e_S10Q14_reg1_reg/A[0]
  -------------------------------------------------------------------    -------------------

                         (clock clk_fpga_0 rise edge)
                                                     10.000    10.000 r  <hidden>
    PS7_X0Y0             PS7                          0.000    10.000 r  design_1_i/processing_system7_0/inst/PS7_i/FCLKCLK[0]
                         net (fo=1, unplaced)         0.760    10.760    design_1_i/processing_system7_0/inst/FCLK_CLK_unbuffered[0]
                         BUFG (Prop_bufg_I_O)         0.091    10.851 r  design_1_i/processing_system7_0/inst/buffer_fclk_clk_0.FCLK_CLK_0_BUFG/O
                         net (fo=16790, unplaced)     0.655    11.505    design_1_i/transformer_block_axi_top_0/inst/U_transformer_block_axi/u_transformer_block_top/u_Softmax_control/u_Softmax/u_Exp_module_2/aclk
                         DSP48E1                                      r  design_1_i/transformer_block_axi_top_0/inst/U_transformer_block_axi/u_transformer_block_top/u_Softmax_control/u_Softmax/u_Exp_module_2/x_log2e_S10Q14_reg1_reg/CLK
                         clock pessimism              0.050    11.555    <hidden>
                         clock uncertainty           -0.154    11.401    <hidden>
                         DSP48E1 (Setup_dsp48e1_CLK_A[0])
                                                     -3.722     7.679    design_1_i/transformer_block_axi_top_0/inst/U_transformer_block_axi/u_transformer_block_top/u_Softmax_control/u_Softmax/u_Exp_module_2/x_log2e_S10Q14_reg1_reg
  -------------------------------------------------------------------
                         required time                          7.679    <hidden>
                         arrival time                          -7.172    <hidden>
  -------------------------------------------------------------------
                         slack                                  0.507    <hidden>





Min Delay Paths
--------------------------------------------------------------------------------------
Slack (MET) :             0.033ns  (arrival time - required time)
  Source:                 design_1_i/axi_dma_0/U0/I_PRMRY_DATAMOVER/GEN_MM2S_FULL.I_MM2S_FULL_WRAPPER/I_ADDR_CNTL/sig_next_addr_reg_reg[8]/C
                            (rising edge-triggered cell FDRE clocked by clk_fpga_0  {rise@0.000ns fall@5.000ns period=10.000ns})
  Destination:            design_1_i/axi_smc/inst/s00_nodes/s00_ar_node/inst/inst_mi_handler/gen_normal_area.inst_fifo_node_payld/gen_xpm_memory_fifo.inst_fifo/gen_mem_rep[0].inst_xpm_memory/xpm_memory_base_inst/gen_wr_a.gen_word_narrow.mem_reg_0_31_102_107/RAMA/I
                            (rising edge-triggered cell RAMD32 clocked by clk_fpga_0  {rise@0.000ns fall@5.000ns period=10.000ns})
  Path Group:             clk_fpga_0
  Path Type:              Hold (Min at Fast Process Corner)
  Requirement:            0.000ns  (clk_fpga_0 rise@0.000ns - clk_fpga_0 rise@0.000ns)
  Data Path Delay:        0.272ns  (logic 0.131ns (48.199%)  route 0.141ns (51.801%))
  Logic Levels:           0  
  Clock Path Skew:        0.145ns (DCD - SCD - CPR)
    Destination Clock Delay (DCD):    0.739ns
    Source Clock Delay      (SCD):    0.573ns
    Clock Pessimism Removal (CPR):    0.021ns

    Location             Delay type                Incr(ns)  Path(ns)    Netlist Resource(s)
  -------------------------------------------------------------------    -------------------
                         (clock clk_fpga_0 rise edge)
                                                      0.000     0.000 r  <hidden>
    PS7_X0Y0             PS7                          0.000     0.000 r  design_1_i/processing_system7_0/inst/PS7_i/FCLKCLK[0]
                         net (fo=1, unplaced)         0.337     0.337    design_1_i/processing_system7_0/inst/FCLK_CLK_unbuffered[0]
                         BUFG (Prop_bufg_I_O)         0.026     0.363 r  design_1_i/processing_system7_0/inst/buffer_fclk_clk_0.FCLK_CLK_0_BUFG/O
                         net (fo=16790, unplaced)     0.210     0.573    design_1_i/axi_dma_0/U0/I_PRMRY_DATAMOVER/GEN_MM2S_FULL.I_MM2S_FULL_WRAPPER/I_ADDR_CNTL/m_axi_mm2s_aclk
                         FDRE                                         r  design_1_i/axi_dma_0/U0/I_PRMRY_DATAMOVER/GEN_MM2S_FULL.I_MM2S_FULL_WRAPPER/I_ADDR_CNTL/sig_next_addr_reg_reg[8]/C
  -------------------------------------------------------------------    -------------------
                         FDRE (Prop_fdre_C_Q)         0.131     0.704 r  design_1_i/axi_dma_0/U0/I_PRMRY_DATAMOVER/GEN_MM2S_FULL.I_MM2S_FULL_WRAPPER/I_ADDR_CNTL/sig_next_addr_reg_reg[8]/Q
                         net (fo=1, unplaced)         0.141     0.845    design_1_i/axi_smc/inst/s00_nodes/s00_ar_node/inst/inst_mi_handler/gen_normal_area.inst_fifo_node_payld/gen_xpm_memory_fifo.inst_fifo/gen_mem_rep[0].inst_xpm_memory/xpm_memory_base_inst/gen_wr_a.gen_word_narrow.mem_reg_0_31_102_107/DIA0
                         RAMD32                                       r  design_1_i/axi_smc/inst/s00_nodes/s00_ar_node/inst/inst_mi_handler/gen_normal_area.inst_fifo_node_payld/gen_xpm_memory_fifo.inst_fifo/gen_mem_rep[0].inst_xpm_memory/xpm_memory_base_inst/gen_wr_a.gen_word_narrow.mem_reg_0_31_102_107/RAMA/I
  -------------------------------------------------------------------    -------------------

                         (clock clk_fpga_0 rise edge)
                                                      0.000     0.000 r  <hidden>
    PS7_X0Y0             PS7                          0.000     0.000 r  design_1_i/processing_system7_0/inst/PS7_i/FCLKCLK[0]
                         net (fo=1, unplaced)         0.355     0.355    design_1_i/processing_system7_0/inst/FCLK_CLK_unbuffered[0]
                         BUFG (Prop_bufg_I_O)         0.029     0.384 r  design_1_i/processing_system7_0/inst/buffer_fclk_clk_0.FCLK_CLK_0_BUFG/O
                         net (fo=16790, unplaced)     0.355     0.739    design_1_i/axi_smc/inst/s00_nodes/s00_ar_node/inst/inst_mi_handler/gen_normal_area.inst_fifo_node_payld/gen_xpm_memory_fifo.inst_fifo/gen_mem_rep[0].inst_xpm_memory/xpm_memory_base_inst/gen_wr_a.gen_word_narrow.mem_reg_0_31_102_107/WCLK
                         RAMD32                                       r  design_1_i/axi_smc/inst/s00_nodes/s00_ar_node/inst/inst_mi_handler/gen_normal_area.inst_fifo_node_payld/gen_xpm_memory_fifo.inst_fifo/gen_mem_rep[0].inst_xpm_memory/xpm_memory_base_inst/gen_wr_a.gen_word_narrow.mem_reg_0_31_102_107/RAMA/CLK
                         clock pessimism             -0.021     0.718    <hidden>
                         RAMD32 (Hold_ramd32_CLK_I)
                                                      0.094     0.812    design_1_i/axi_smc/inst/s00_nodes/s00_ar_node/inst/inst_mi_handler/gen_normal_area.inst_fifo_node_payld/gen_xpm_memory_fifo.inst_fifo/gen_mem_rep[0].inst_xpm_memory/xpm_memory_base_inst/gen_wr_a.gen_word_narrow.mem_reg_0_31_102_107/RAMA
  -------------------------------------------------------------------
                         required time                         -0.812    <hidden>
                         arrival time                           0.845    <hidden>
  -------------------------------------------------------------------
                         slack                                  0.033    <hidden>





Pulse Width Checks
--------------------------------------------------------------------------------------
Clock Name:         clk_fpga_0
Waveform(ns):       { 0.000 5.000 }
Period(ns):         10.000
Sources:            { design_1_i/processing_system7_0/inst/PS7_i/FCLKCLK[0] }

Check Type        Corner  Lib Pin      Reference Pin  Required(ns)  Actual(ns)  Slack(ns)  Location  Pin
Min Period        n/a     DSP48E1/CLK  n/a            3.884         10.000      6.116                design_1_i/transformer_block_axi_top_0/inst/U_transformer_block_axi/u_transformer_block_top/u_EightGelus/genblk4[0].u_gelu/u_lin/l_4Q21_reg1_reg/CLK
Low Pulse Width   Slow    RAMD32/CLK   n/a            1.250         5.000       3.750                design_1_i/axi_dma_2/U0/I_PRMRY_DATAMOVER/GEN_S2MM_FULL.I_S2MM_FULL_WRAPPER/GEN_ENABLE_INDET_BTT_SF.I_INDET_BTT/I_XD_FIFO/NON_BLK_MEM.I_SYNC_FIFOGEN_FIFO/xpm_fifo_base_inst/gen_sdpram.xpm_memory_base_inst/gen_wr_a.gen_word_narrow.mem_reg_0_15_0_5/RAMA/CLK
High Pulse Width  Slow    RAMD32/CLK   n/a            1.250         5.000       3.750                design_1_i/axi_dma_2/U0/I_PRMRY_DATAMOVER/GEN_S2MM_FULL.I_S2MM_FULL_WRAPPER/GEN_ENABLE_INDET_BTT_SF.I_INDET_BTT/I_XD_FIFO/NON_BLK_MEM.I_SYNC_FIFOGEN_FIFO/xpm_fifo_base_inst/gen_sdpram.xpm_memory_base_inst/gen_wr_a.gen_word_narrow.mem_reg_0_15_0_5/RAMA/CLK



