Copyright 1986-2022 Xilinx, Inc. All Rights Reserved. Copyright 2022-2026 Advanced Micro Devices, Inc. All Rights Reserved.
---------------------------------------------------------------------------------------------------------------------------------------------
| Tool Version : Vivado v.2026.1 (lin64) Build 6511674 Tue Jun 16 11:01:26 MDT 2026
| Date         : Thu Aug  6 10:45:11 2026
| Host         : ip-10-70-171-248.il-central-1.compute.internal running 64-bit Rocky Linux release 8.10 (Green Obsidian)
| Command      : report_timing_summary -file /project/tsmc65/users/rasksha/ws/taoFPGA/reports/syn/soc/timing_summary.rpt
| Design       : design_1_wrapper
| Device       : 7z020-clg400
| Speed File   : -1  PRODUCTION 1.12 2019-11-22
| Design State : Routed
---------------------------------------------------------------------------------------------------------------------------------------------

Timing Summary Report

------------------------------------------------------------------------------------------------
| Timer Settings
| --------------
------------------------------------------------------------------------------------------------

  Enable Multi Corner Analysis               :  Yes
  Enable Pessimism Removal                   :  Yes
  Pessimism Removal Resolution               :  Nearest Common Node
  Enable Input Delay Default Clock           :  No
  Enable Preset / Clear Arcs                 :  No
  Disable Flight Delays                      :  No
  Ignore I/O Paths                           :  No
  Timing Early Launch at Borrowing Latches   :  No
  Borrow Time for Max Delay Exceptions       :  Yes
  Merge Timing Exceptions                    :  Yes
  Inter-SLR Compensation                     :  Conservative

  Corner  Analyze    Analyze    
  Name    Max Paths  Min Paths  
  ------  ---------  ---------  
  Slow    Yes        Yes        
  Fast    Yes        Yes        


------------------------------------------------------------------------------------------------
| Report Methodology
| ------------------
------------------------------------------------------------------------------------------------

No report available as report_methodology has not been run prior. Run report_methodology on the current design for the summary of methodology violations.



check_timing report

Table of Contents
-----------------
1. checking no_clock (0)
2. checking constant_clock (0)
3. checking pulse_width_clock (0)
4. checking unconstrained_internal_endpoints (0)
5. checking no_input_delay (0)
6. checking no_output_delay (0)
7. checking multiple_clock (0)
8. checking generated_clocks (0)
9. checking loops (0)
10. checking partial_input_delay (0)
11. checking partial_output_delay (0)
12. checking latch_loops (0)

1. checking no_clock (0)
------------------------
 There are 0 register/latch pins with no clock.


2. checking constant_clock (0)
------------------------------
 There are 0 register/latch pins with constant_clock.


3. checking pulse_width_clock (0)
---------------------------------
 There are 0 register/latch pins which need pulse_width check


4. checking unconstrained_internal_endpoints (0)
------------------------------------------------
 There are 0 pins that are not constrained for maximum delay.

 There are 0 pins that are not constrained for maximum delay due to constant clock.


5. checking no_input_delay (0)
------------------------------
 There are 0 input ports with no input delay specified.

 There are 0 input ports with no input delay but user has a false path constraint.


6. checking no_output_delay (0)
-------------------------------
 There are 0 ports with no output delay specified.

 There are 0 ports with no output delay but user has a false path constraint

 There are 0 ports with no output delay but with a timing clock defined on it or propagating through it


7. checking multiple_clock (0)
------------------------------
 There are 0 register/latch pins with multiple clocks.


8. checking generated_clocks (0)
--------------------------------
 There are 0 generated clocks that are not connected to a clock source.


9. checking loops (0)
---------------------
 There are 0 combinational loops in the design.


10. checking partial_input_delay (0)
------------------------------------
 There are 0 input ports with partial input delay specified.


11. checking partial_output_delay (0)
-------------------------------------
 There are 0 ports with partial output delay specified.


12. checking latch_loops (0)
----------------------------
 There are 0 combinational latch loops in the design through latch input



------------------------------------------------------------------------------------------------
| Design Timing Summary
| ---------------------
------------------------------------------------------------------------------------------------

    WNS(ns)      TNS(ns)  TNS Failing Endpoints  TNS Total Endpoints      WHS(ns)      THS(ns)  THS Failing Endpoints  THS Total Endpoints     WPWS(ns)     TPWS(ns)  TPWS Failing Endpoints  TPWS Total Endpoints  
    -------      -------  ---------------------  -------------------      -------      -------  ---------------------  -------------------     --------     --------  ----------------------  --------------------  
      0.361        0.000                      0                57068        0.011        0.000                      0                57068        3.750        0.000                       0                 21972  


All user specified timing constraints are met.


------------------------------------------------------------------------------------------------
| Clock Summary
| -------------
------------------------------------------------------------------------------------------------

Clock       Waveform(ns)       Period(ns)      Frequency(MHz)
-----       ------------       ----------      --------------
clk_fpga_0  {0.000 5.000}      10.000          100.000         


------------------------------------------------------------------------------------------------
| Intra Clock Table
| -----------------
------------------------------------------------------------------------------------------------

Clock             WNS(ns)      TNS(ns)  TNS Failing Endpoints  TNS Total Endpoints      WHS(ns)      THS(ns)  THS Failing Endpoints  THS Total Endpoints     WPWS(ns)     TPWS(ns)  TPWS Failing Endpoints  TPWS Total Endpoints  
-----             -------      -------  ---------------------  -------------------      -------      -------  ---------------------  -------------------     --------     --------  ----------------------  --------------------  
clk_fpga_0          0.361        0.000                      0                57068        0.011        0.000                      0                57068        3.750        0.000                       0                 21972  


------------------------------------------------------------------------------------------------
| Inter Clock Table
| -----------------
------------------------------------------------------------------------------------------------

From Clock    To Clock          WNS(ns)      TNS(ns)  TNS Failing Endpoints  TNS Total Endpoints      WHS(ns)      THS(ns)  THS Failing Endpoints  THS Total Endpoints  
----------    --------          -------      -------  ---------------------  -------------------      -------      -------  ---------------------  -------------------  


------------------------------------------------------------------------------------------------
| Other Path Groups Table
| -----------------------
------------------------------------------------------------------------------------------------

Path Group    From Clock    To Clock          WNS(ns)      TNS(ns)  TNS Failing Endpoints  TNS Total Endpoints      WHS(ns)      THS(ns)  THS Failing Endpoints  THS Total Endpoints  
----------    ----------    --------          -------      -------  ---------------------  -------------------      -------      -------  ---------------------  -------------------  


------------------------------------------------------------------------------------------------
| Timing Details
| --------------
------------------------------------------------------------------------------------------------


---------------------------------------------------------------------------------------------------
From Clock:  clk_fpga_0
  To Clock:  clk_fpga_0

Setup :            0  Failing Endpoints,  Worst Slack        0.361ns,  Total Violation        0.000ns
Hold  :            0  Failing Endpoints,  Worst Slack        0.011ns,  Total Violation        0.000ns
PW    :            0  Failing Endpoints,  Worst Slack        3.750ns,  Total Violation        0.000ns
---------------------------------------------------------------------------------------------------


Max Delay Paths
--------------------------------------------------------------------------------------
Slack (MET) :             0.361ns  (required time - arrival time)
  Source:                 design_1_i/transformer_block_axi_top_0/inst/U_transformer_block_axi/u_transformer_block_top/u_Softmax_control/u_Softmax/u_Ln_module/P_3Q19_reg1_reg[9]/C
                            (rising edge-triggered cell FDRE clocked by clk_fpga_0  {rise@0.000ns fall@5.000ns period=10.000ns})
  Destination:            design_1_i/transformer_block_axi_top_0/inst/U_transformer_block_axi/u_transformer_block_top/u_Softmax_control/u_Softmax/u_Exp_module_2/x_log2e_S10Q14_reg1_reg/A[8]
                            (rising edge-triggered cell DSP48E1 clocked by clk_fpga_0  {rise@0.000ns fall@5.000ns period=10.000ns})
  Path Group:             clk_fpga_0
  Path Type:              Setup (Max at Slow Process Corner)
  Requirement:            10.000ns  (clk_fpga_0 rise@10.000ns - clk_fpga_0 rise@0.000ns)
  Data Path Delay:        5.584ns  (logic 2.920ns (52.294%)  route 2.664ns (47.706%))
  Logic Levels:           9  (CARRY4=6 LUT2=2 LUT3=1)
  Clock Path Skew:        0.029ns (DCD - SCD + CPR)
    Destination Clock Delay (DCD):    3.052ns = ( 13.052 - 10.000 ) 
    Source Clock Delay      (SCD):    3.270ns
    Clock Pessimism Removal (CPR):    0.247ns
  Clock Uncertainty:      0.154ns  ((TSJ^2 + TIJ^2)^1/2 + DJ) / 2 + PE
    Total System Jitter     (TSJ):    0.071ns
    Total Input Jitter      (TIJ):    0.300ns
    Discrete Jitter          (DJ):    0.000ns
    Phase Error              (PE):    0.000ns

    Location             Delay type                Incr(ns)  Path(ns)    Netlist Resource(s)
  -------------------------------------------------------------------    -------------------
                         (clock clk_fpga_0 rise edge)
                                                      0.000     0.000 r  <hidden>
    PS7_X0Y0             PS7                          0.000     0.000 r  design_1_i/processing_system7_0/inst/PS7_i/FCLKCLK[0]
                         net (fo=1, routed)           1.193     1.193    design_1_i/processing_system7_0/inst/FCLK_CLK_unbuffered[0]
    BUFGCTRL_X0Y16       BUFG (Prop_bufg_I_O)         0.101     1.294 r  design_1_i/processing_system7_0/inst/buffer_fclk_clk_0.FCLK_CLK_0_BUFG/O
                         net (fo=21980, routed)       1.976     3.270    design_1_i/transformer_block_axi_top_0/inst/U_transformer_block_axi/u_transformer_block_top/u_Softmax_control/u_Softmax/u_Ln_module/aclk
    SLICE_X100Y108       FDRE                                         r  design_1_i/transformer_block_axi_top_0/inst/U_transformer_block_axi/u_transformer_block_top/u_Softmax_control/u_Softmax/u_Ln_module/P_3Q19_reg1_reg[9]/C
  -------------------------------------------------------------------    -------------------
    SLICE_X100Y108       FDRE (Prop_fdre_C_Q)         0.518     3.788 r  design_1_i/transformer_block_axi_top_0/inst/U_transformer_block_axi/u_transformer_block_top/u_Softmax_control/u_Softmax/u_Ln_module/P_3Q19_reg1_reg[9]/Q
                         net (fo=1, routed)           0.718     4.506    design_1_i/transformer_block_axi_top_0/inst/U_transformer_block_axi/u_transformer_block_top/u_Softmax_control/u_Softmax/u_Ln_module/ln_U3Q10[0]
    SLICE_X101Y105       LUT2 (Prop_lut2_I1_O)        0.124     4.630 r  design_1_i/transformer_block_axi_top_0/inst/U_transformer_block_axi/u_transformer_block_top/u_Softmax_control/u_Softmax/u_Ln_module/x_max_ln_S10Q10_carry_i_4/O
                         net (fo=1, routed)           0.000     4.630    design_1_i/transformer_block_axi_top_0/inst/U_transformer_block_axi/u_transformer_block_top/u_Softmax_control/u_Softmax/u_Ln_module_n_3
    SLICE_X101Y105       CARRY4 (Prop_carry4_S[0]_CO[3])
                                                      0.532     5.162 r  design_1_i/transformer_block_axi_top_0/inst/U_transformer_block_axi/u_transformer_block_top/u_Softmax_control/u_Softmax/x_max_ln_S10Q10_carry/CO[3]
                         net (fo=1, routed)           0.000     5.162    design_1_i/transformer_block_axi_top_0/inst/U_transformer_block_axi/u_transformer_block_top/u_Softmax_control/u_Softmax/x_max_ln_S10Q10_carry_n_0
    SLICE_X101Y106       CARRY4 (Prop_carry4_CI_CO[3])
                                                      0.114     5.276 r  design_1_i/transformer_block_axi_top_0/inst/U_transformer_block_axi/u_transformer_block_top/u_Softmax_control/u_Softmax/x_max_ln_S10Q10_carry__0/CO[3]
                         net (fo=1, routed)           0.000     5.276    design_1_i/transformer_block_axi_top_0/inst/U_transformer_block_axi/u_transformer_block_top/u_Softmax_control/u_Softmax/x_max_ln_S10Q10_carry__0_n_0
    SLICE_X101Y107       CARRY4 (Prop_carry4_CI_CO[3])
                                                      0.114     5.390 r  design_1_i/transformer_block_axi_top_0/inst/U_transformer_block_axi/u_transformer_block_top/u_Softmax_control/u_Softmax/x_max_ln_S10Q10_carry__1/CO[3]
                         net (fo=1, routed)           0.000     5.390    design_1_i/transformer_block_axi_top_0/inst/U_transformer_block_axi/u_transformer_block_top/u_Softmax_control/u_Softmax/x_max_ln_S10Q10_carry__1_n_0
    SLICE_X101Y108       CARRY4 (Prop_carry4_CI_CO[3])
                                                      0.114     5.504 r  design_1_i/transformer_block_axi_top_0/inst/U_transformer_block_axi/u_transformer_block_top/u_Softmax_control/u_Softmax/x_max_ln_S10Q10_carry__2/CO[3]
                         net (fo=1, routed)           0.000     5.504    design_1_i/transformer_block_axi_top_0/inst/U_transformer_block_axi/u_transformer_block_top/u_Softmax_control/u_Softmax/x_max_ln_S10Q10_carry__2_n_0
    SLICE_X101Y109       CARRY4 (Prop_carry4_CI_O[3])
                                                      0.313     5.817 r  design_1_i/transformer_block_axi_top_0/inst/U_transformer_block_axi/u_transformer_block_top/u_Softmax_control/u_Softmax/x_max_ln_S10Q10_carry__3/O[3]
                         net (fo=3, routed)           0.778     6.595    design_1_i/transformer_block_axi_top_0/inst/U_transformer_block_axi/u_transformer_block_top/u_Softmax_control/u_Softmax/u_Exp_module_2/O[1]
    SLICE_X102Y110       LUT2 (Prop_lut2_I0_O)        0.306     6.901 r  design_1_i/transformer_block_axi_top_0/inst/U_transformer_block_axi/u_transformer_block_top/u_Softmax_control/u_Softmax/u_Exp_module_2/x_max_ln_S9Q102_carry_i_2/O
                         net (fo=1, routed)           0.000     6.901    design_1_i/transformer_block_axi_top_0/inst/U_transformer_block_axi/u_transformer_block_top/u_Softmax_control/u_Softmax/u_Exp_module_2_n_0
    SLICE_X102Y110       CARRY4 (Prop_carry4_S[0]_CO[1])
                                                      0.458     7.359 f  design_1_i/transformer_block_axi_top_0/inst/U_transformer_block_axi/u_transformer_block_top/u_Softmax_control/u_Softmax/x_max_ln_S9Q102_carry/CO[1]
                         net (fo=20, routed)          0.636     7.995    design_1_i/transformer_block_axi_top_0/inst/U_transformer_block_axi/u_transformer_block_top/u_Softmax_control/u_Softmax/x_max_ln_S9Q102
    SLICE_X103Y108       LUT3 (Prop_lut3_I1_O)        0.327     8.322 r  design_1_i/transformer_block_axi_top_0/inst/U_transformer_block_axi/u_transformer_block_top/u_Softmax_control/u_Softmax/x_log2e_S10Q14_reg1_reg_i_12__0/O
                         net (fo=1, routed)           0.531     8.854    design_1_i/transformer_block_axi_top_0/inst/U_transformer_block_axi/u_transformer_block_top/u_Softmax_control/u_Softmax/u_Exp_module_2/A[8]
    DSP48_X4Y42          DSP48E1                                      r  design_1_i/transformer_block_axi_top_0/inst/U_transformer_block_axi/u_transformer_block_top/u_Softmax_control/u_Softmax/u_Exp_module_2/x_log2e_S10Q14_reg1_reg/A[8]
  -------------------------------------------------------------------    -------------------

                         (clock clk_fpga_0 rise edge)
                                                     10.000    10.000 r  <hidden>
    PS7_X0Y0             PS7                          0.000    10.000 r  design_1_i/processing_system7_0/inst/PS7_i/FCLKCLK[0]
                         net (fo=1, routed)           1.088    11.088    design_1_i/processing_system7_0/inst/FCLK_CLK_unbuffered[0]
    BUFGCTRL_X0Y16       BUFG (Prop_bufg_I_O)         0.091    11.179 r  design_1_i/processing_system7_0/inst/buffer_fclk_clk_0.FCLK_CLK_0_BUFG/O
                         net (fo=21980, routed)       1.873    13.052    design_1_i/transformer_block_axi_top_0/inst/U_transformer_block_axi/u_transformer_block_top/u_Softmax_control/u_Softmax/u_Exp_module_2/aclk
    DSP48_X4Y42          DSP48E1                                      r  design_1_i/transformer_block_axi_top_0/inst/U_transformer_block_axi/u_transformer_block_top/u_Softmax_control/u_Softmax/u_Exp_module_2/x_log2e_S10Q14_reg1_reg/CLK
                         clock pessimism              0.247    13.299    <hidden>
                         clock uncertainty           -0.154    13.144    <hidden>
    DSP48_X4Y42          DSP48E1 (Setup_dsp48e1_CLK_A[8])
                                                     -3.930     9.214    design_1_i/transformer_block_axi_top_0/inst/U_transformer_block_axi/u_transformer_block_top/u_Softmax_control/u_Softmax/u_Exp_module_2/x_log2e_S10Q14_reg1_reg
  -------------------------------------------------------------------
                         required time                          9.214    <hidden>
                         arrival time                          -8.854    <hidden>
  -------------------------------------------------------------------
                         slack                                  0.361    <hidden>





Min Delay Paths
--------------------------------------------------------------------------------------
Slack (MET) :             0.011ns  (arrival time - required time)
  Source:                 design_1_i/transformer_block_axi_top_0/inst/U_transformer_block_axi/u_transformer_block_top/u_MM_ultra/u_MM_buffer/u_MM/u_PE_array/array[2].PE_line_u/array_line[14].PE_u/g_dsp_mapped.psum_out_reg[0]/C
                            (rising edge-triggered cell FDRE clocked by clk_fpga_0  {rise@0.000ns fall@5.000ns period=10.000ns})
  Destination:            design_1_i/transformer_block_axi_top_0/inst/U_transformer_block_axi/u_transformer_block_top/u_MM_ultra/u_MM_buffer/u_MM/u_PE_array/array[3].PE_line_u/array_line[14].PE_u/g_dsp_mapped.psum_out_reg[8]/D
                            (rising edge-triggered cell FDRE clocked by clk_fpga_0  {rise@0.000ns fall@5.000ns period=10.000ns})
  Path Group:             clk_fpga_0
  Path Type:              Hold (Min at Fast Process Corner)
  Requirement:            0.000ns  (clk_fpga_0 rise@0.000ns - clk_fpga_0 rise@0.000ns)
  Data Path Delay:        0.497ns  (logic 0.409ns (82.327%)  route 0.088ns (17.673%))
  Logic Levels:           3  (CARRY4=3)
  Clock Path Skew:        0.351ns (DCD - SCD - CPR)
    Destination Clock Delay (DCD):    1.358ns
    Source Clock Delay      (SCD):    0.972ns
    Clock Pessimism Removal (CPR):    0.035ns

    Location             Delay type                Incr(ns)  Path(ns)    Netlist Resource(s)
  -------------------------------------------------------------------    -------------------
                         (clock clk_fpga_0 rise edge)
                                                      0.000     0.000 r  <hidden>
    PS7_X0Y0             PS7                          0.000     0.000 r  design_1_i/processing_system7_0/inst/PS7_i/FCLKCLK[0]
                         net (fo=1, routed)           0.310     0.310    design_1_i/processing_system7_0/inst/FCLK_CLK_unbuffered[0]
    BUFGCTRL_X0Y16       BUFG (Prop_bufg_I_O)         0.026     0.336 r  design_1_i/processing_system7_0/inst/buffer_fclk_clk_0.FCLK_CLK_0_BUFG/O
                         net (fo=21980, routed)       0.636     0.972    design_1_i/transformer_block_axi_top_0/inst/U_transformer_block_axi/u_transformer_block_top/u_MM_ultra/u_MM_buffer/u_MM/u_PE_array/array[2].PE_line_u/array_line[14].PE_u/aclk
    SLICE_X109Y98        FDRE                                         r  design_1_i/transformer_block_axi_top_0/inst/U_transformer_block_axi/u_transformer_block_top/u_MM_ultra/u_MM_buffer/u_MM/u_PE_array/array[2].PE_line_u/array_line[14].PE_u/g_dsp_mapped.psum_out_reg[0]/C
  -------------------------------------------------------------------    -------------------
    SLICE_X109Y98        FDRE (Prop_fdre_C_Q)         0.141     1.113 r  design_1_i/transformer_block_axi_top_0/inst/U_transformer_block_axi/u_transformer_block_top/u_MM_ultra/u_MM_buffer/u_MM/u_PE_array/array[2].PE_line_u/array_line[14].PE_u/g_dsp_mapped.psum_out_reg[0]/Q
                         net (fo=2, routed)           0.087     1.200    design_1_i/transformer_block_axi_top_0/inst/U_transformer_block_axi/u_transformer_block_top/u_MM_ultra/u_MM_buffer/u_MM/u_PE_array/array[3].PE_line_u/array_line[14].PE_u/g_dsp_mapped.psum_out_reg[19]_1[0]
    SLICE_X108Y98        CARRY4 (Prop_carry4_DI[0]_CO[3])
                                                      0.175     1.375 r  design_1_i/transformer_block_axi_top_0/inst/U_transformer_block_axi/u_transformer_block_top/u_MM_ultra/u_MM_buffer/u_MM/u_PE_array/array[3].PE_line_u/array_line[14].PE_u/psum_out0_carry/CO[3]
                         net (fo=1, routed)           0.000     1.375    design_1_i/transformer_block_axi_top_0/inst/U_transformer_block_axi/u_transformer_block_top/u_MM_ultra/u_MM_buffer/u_MM/u_PE_array/array[3].PE_line_u/array_line[14].PE_u/psum_out0_carry_n_0
    SLICE_X108Y99        CARRY4 (Prop_carry4_CI_CO[3])
                                                      0.040     1.415 r  design_1_i/transformer_block_axi_top_0/inst/U_transformer_block_axi/u_transformer_block_top/u_MM_ultra/u_MM_buffer/u_MM/u_PE_array/array[3].PE_line_u/array_line[14].PE_u/psum_out0_carry__0/CO[3]
                         net (fo=1, routed)           0.001     1.415    design_1_i/transformer_block_axi_top_0/inst/U_transformer_block_axi/u_transformer_block_top/u_MM_ultra/u_MM_buffer/u_MM/u_PE_array/array[3].PE_line_u/array_line[14].PE_u/psum_out0_carry__0_n_0
    SLICE_X108Y100       CARRY4 (Prop_carry4_CI_O[0])
                                                      0.053     1.468 r  design_1_i/transformer_block_axi_top_0/inst/U_transformer_block_axi/u_transformer_block_top/u_MM_ultra/u_MM_buffer/u_MM/u_PE_array/array[3].PE_line_u/array_line[14].PE_u/psum_out0_carry__1/O[0]
                         net (fo=1, routed)           0.000     1.468    design_1_i/transformer_block_axi_top_0/inst/U_transformer_block_axi/u_transformer_block_top/u_MM_ultra/u_MM_buffer/u_MM/u_PE_array/array[3].PE_line_u/array_line[14].PE_u/psum_out0_carry__1_n_7
    SLICE_X108Y100       FDRE                                         r  design_1_i/transformer_block_axi_top_0/inst/U_transformer_block_axi/u_transformer_block_top/u_MM_ultra/u_MM_buffer/u_MM/u_PE_array/array[3].PE_line_u/array_line[14].PE_u/g_dsp_mapped.psum_out_reg[8]/D
  -------------------------------------------------------------------    -------------------

                         (clock clk_fpga_0 rise edge)
                                                      0.000     0.000 r  <hidden>
    PS7_X0Y0             PS7                          0.000     0.000 r  design_1_i/processing_system7_0/inst/PS7_i/FCLKCLK[0]
                         net (fo=1, routed)           0.337     0.337    design_1_i/processing_system7_0/inst/FCLK_CLK_unbuffered[0]
    BUFGCTRL_X0Y16       BUFG (Prop_bufg_I_O)         0.029     0.366 r  design_1_i/processing_system7_0/inst/buffer_fclk_clk_0.FCLK_CLK_0_BUFG/O
                         net (fo=21980, routed)       0.992     1.358    design_1_i/transformer_block_axi_top_0/inst/U_transformer_block_axi/u_transformer_block_top/u_MM_ultra/u_MM_buffer/u_MM/u_PE_array/array[3].PE_line_u/array_line[14].PE_u/aclk
    SLICE_X108Y100       FDRE                                         r  design_1_i/transformer_block_axi_top_0/inst/U_transformer_block_axi/u_transformer_block_top/u_MM_ultra/u_MM_buffer/u_MM/u_PE_array/array[3].PE_line_u/array_line[14].PE_u/g_dsp_mapped.psum_out_reg[8]/C
                         clock pessimism             -0.035     1.323    <hidden>
    SLICE_X108Y100       FDRE (Hold_fdre_C_D)         0.134     1.457    design_1_i/transformer_block_axi_top_0/inst/U_transformer_block_axi/u_transformer_block_top/u_MM_ultra/u_MM_buffer/u_MM/u_PE_array/array[3].PE_line_u/array_line[14].PE_u/g_dsp_mapped.psum_out_reg[8]
  -------------------------------------------------------------------
                         required time                         -1.457    <hidden>
                         arrival time                           1.468    <hidden>
  -------------------------------------------------------------------
                         slack                                  0.011    <hidden>





Pulse Width Checks
--------------------------------------------------------------------------------------
Clock Name:         clk_fpga_0
Waveform(ns):       { 0.000 5.000 }
Period(ns):         10.000
Sources:            { design_1_i/processing_system7_0/inst/PS7_i/FCLKCLK[0] }

Check Type        Corner  Lib Pin      Reference Pin  Required(ns)  Actual(ns)  Slack(ns)  Location       Pin
Min Period        n/a     DSP48E1/CLK  n/a            3.884         10.000      6.116      DSP48_X2Y50    design_1_i/transformer_block_axi_top_0/inst/U_transformer_block_axi/u_transformer_block_top/u_EightGelus/genblk4[0].u_gelu/u_lin/l_4Q21_reg1_reg/CLK
Low Pulse Width   Slow    RAMD32/CLK   n/a            1.250         5.000       3.750      SLICE_X46Y106  design_1_i/axi_dma_2/U0/I_PRMRY_DATAMOVER/GEN_S2MM_FULL.I_S2MM_FULL_WRAPPER/GEN_ENABLE_INDET_BTT_SF.I_INDET_BTT/I_XD_FIFO/NON_BLK_MEM.I_SYNC_FIFOGEN_FIFO/xpm_fifo_base_inst/gen_sdpram.xpm_memory_base_inst/gen_wr_a.gen_word_narrow.mem_reg_0_15_0_5/RAMA/CLK
High Pulse Width  Slow    RAMD32/CLK   n/a            1.250         5.000       3.750      SLICE_X46Y106  design_1_i/axi_dma_2/U0/I_PRMRY_DATAMOVER/GEN_S2MM_FULL.I_S2MM_FULL_WRAPPER/GEN_ENABLE_INDET_BTT_SF.I_INDET_BTT/I_XD_FIFO/NON_BLK_MEM.I_SYNC_FIFOGEN_FIFO/xpm_fifo_base_inst/gen_sdpram.xpm_memory_base_inst/gen_wr_a.gen_word_narrow.mem_reg_0_15_0_5/RAMA/CLK



